Archive member included to satisfy reference by file (symbol)

/opt/st/stm32cubeide_1.12.0/plugins/com.st.stm32cube.ide.mcu.externaltools.gnu-tools-for-stm32.10.3-2021.10.linux64_1.0.200.202301161003/tools/bin/../lib/gcc/arm-none-eabi/10.3.1/../../../../arm-none-eabi/lib/thumb/v7e-m+fp/hard/libc_nano.a(lib_a-errno.o)
                              ./Core/Src/syscalls.o (__errno)
/opt/st/stm32cubeide_1.12.0/plugins/com.st.stm32cube.ide.mcu.externaltools.gnu-tools-for-stm32.10.3-2021.10.linux64_1.0.200.202301161003/tools/bin/../lib/gcc/arm-none-eabi/10.3.1/../../../../arm-none-eabi/lib/thumb/v7e-m+fp/hard/libc_nano.a(lib_a-exit.o)
                              /opt/st/stm32cubeide_1.12.0/plugins/com.st.stm32cube.ide.mcu.externaltools.gnu-tools-for-stm32.10.3-2021.10.linux64_1.0.200.202301161003/tools/bin/../lib/gcc/arm-none-eabi/10.3.1/../../../../arm-none-eabi/lib/thumb/v7e-m+fp/hard/crt0.o (exit)
/opt/st/stm32cubeide_1.12.0/plugins/com.st.stm32cube.ide.mcu.externaltools.gnu-tools-for-stm32.10.3-2021.10.linux64_1.0.200.202301161003/tools/bin/../lib/gcc/arm-none-eabi/10.3.1/../../../../arm-none-eabi/lib/thumb/v7e-m+fp/hard/libc_nano.a(lib_a-impure.o)
                              /opt/st/stm32cubeide_1.12.0/plugins/com.st.stm32cube.ide.mcu.externaltools.gnu-tools-for-stm32.10.3-2021.10.linux64_1.0.200.202301161003/tools/bin/../lib/gcc/arm-none-eabi/10.3.1/../../../../arm-none-eabi/lib/thumb/v7e-m+fp/hard/libc_nano.a(lib_a-exit.o) (_global_impure_ptr)
/opt/st/stm32cubeide_1.12.0/plugins/com.st.stm32cube.ide.mcu.externaltools.gnu-tools-for-stm32.10.3-2021.10.linux64_1.0.200.202301161003/tools/bin/../lib/gcc/arm-none-eabi/10.3.1/../../../../arm-none-eabi/lib/thumb/v7e-m+fp/hard/libc_nano.a(lib_a-init.o)
                              /opt/st/stm32cubeide_1.12.0/plugins/com.st.stm32cube.ide.mcu.externaltools.gnu-tools-for-stm32.10.3-2021.10.linux64_1.0.200.202301161003/tools/bin/../lib/gcc/arm-none-eabi/10.3.1/../../../../arm-none-eabi/lib/thumb/v7e-m+fp/hard/crt0.o (__libc_init_array)
/opt/st/stm32cubeide_1.12.0/plugins/com.st.stm32cube.ide.mcu.externaltools.gnu-tools-for-stm32.10.3-2021.10.linux64_1.0.200.202301161003/tools/bin/../lib/gcc/arm-none-eabi/10.3.1/../../../../arm-none-eabi/lib/thumb/v7e-m+fp/hard/libc_nano.a(lib_a-memcpy-stub.o)
                              ./Core/Src/bno055.o (memcpy)
/opt/st/stm32cubeide_1.12.0/plugins/com.st.stm32cube.ide.mcu.externaltools.gnu-tools-for-stm32.10.3-2021.10.linux64_1.0.200.202301161003/tools/bin/../lib/gcc/arm-none-eabi/10.3.1/../../../../arm-none-eabi/lib/thumb/v7e-m+fp/hard/libc_nano.a(lib_a-memset.o)
                              /opt/st/stm32cubeide_1.12.0/plugins/com.st.stm32cube.ide.mcu.externaltools.gnu-tools-for-stm32.10.3-2021.10.linux64_1.0.200.202301161003/tools/bin/../lib/gcc/arm-none-eabi/10.3.1/../../../../arm-none-eabi/lib/thumb/v7e-m+fp/hard/crt0.o (memset)
/opt/st/stm32cubeide_1.12.0/plugins/com.st.stm32cube.ide.mcu.externaltools.gnu-tools-for-stm32.10.3-2021.10.linux64_1.0.200.202301161003/tools/bin/../lib/gcc/arm-none-eabi/10.3.1/../../../../arm-none-eabi/lib/thumb/v7e-m+fp/hard/libc_nano.a(lib_a-printf.o)
                              ./Core/Src/bno055.o (printf)
/opt/st/stm32cubeide_1.12.0/plugins/com.st.stm32cube.ide.mcu.externaltools.gnu-tools-for-stm32.10.3-2021.10.linux64_1.0.200.202301161003/tools/bin/../lib/gcc/arm-none-eabi/10.3.1/../../../../arm-none-eabi/lib/thumb/v7e-m+fp/hard/libc_nano.a(lib_a-puts.o)
                              ./Core/Src/freertos.o (puts)
/opt/st/stm32cubeide_1.12.0/plugins/com.st.stm32cube.ide.mcu.externaltools.gnu-tools-for-stm32.10.3-2021.10.linux64_1.0.200.202301161003/tools/bin/../lib/gcc/arm-none-eabi/10.3.1/../../../../arm-none-eabi/lib/thumb/v7e-m+fp/hard/libc_nano.a(lib_a-strlen.o)
                              ./Core/Src/fonts.o (strlen)
/opt/st/stm32cubeide_1.12.0/plugins/com.st.stm32cube.ide.mcu.externaltools.gnu-tools-for-stm32.10.3-2021.10.linux64_1.0.200.202301161003/tools/bin/../lib/gcc/arm-none-eabi/10.3.1/../../../../arm-none-eabi/lib/thumb/v7e-m+fp/hard/libc_nano.a(lib_a-wbuf.o)
                              /opt/st/stm32cubeide_1.12.0/plugins/com.st.stm32cube.ide.mcu.externaltools.gnu-tools-for-stm32.10.3-2021.10.linux64_1.0.200.202301161003/tools/bin/../lib/gcc/arm-none-eabi/10.3.1/../../../../arm-none-eabi/lib/thumb/v7e-m+fp/hard/libc_nano.a(lib_a-puts.o) (__swbuf_r)
/opt/st/stm32cubeide_1.12.0/plugins/com.st.stm32cube.ide.mcu.externaltools.gnu-tools-for-stm32.10.3-2021.10.linux64_1.0.200.202301161003/tools/bin/../lib/gcc/arm-none-eabi/10.3.1/../../../../arm-none-eabi/lib/thumb/v7e-m+fp/hard/libc_nano.a(lib_a-wsetup.o)
                              /opt/st/stm32cubeide_1.12.0/plugins/com.st.stm32cube.ide.mcu.externaltools.gnu-tools-for-stm32.10.3-2021.10.linux64_1.0.200.202301161003/tools/bin/../lib/gcc/arm-none-eabi/10.3.1/../../../../arm-none-eabi/lib/thumb/v7e-m+fp/hard/libc_nano.a(lib_a-puts.o) (__swsetup_r)
[...]
Memory Configuration

Name             Origin             Length             Attributes
CCMRAM           0x0000000010000000 0x0000000000010000 xrw
RAM              0x0000000020000000 0x0000000000020000 xrw
FLASH            0x0000000008000000 0x0000000000100000 xr
*default*        0x0000000000000000 0xffffffffffffffff

Linker script and memory map

LOAD /opt/st/stm32cubeide_1.12.0/plugins/com.st.stm32cube.ide.mcu.externaltools.gnu-tools-for-stm32.10.3-2021.10.linux64_1.0.200.202301161003/tools/bin/../lib/gcc/arm-none-eabi/10.3.1/thumb/v7e-m+fp/hard/crti.o
LOAD /opt/st/stm32cubeide_1.12.0/plugins/com.st.stm32cube.ide.mcu.externaltools.gnu-tools-for-stm32.10.3-2021.10.linux64_1.0.200.202301161003/tools/bin/../lib/gcc/arm-none-eabi/10.3.1/thumb/v7e-m+fp/hard/crtbegin.o
LOAD /opt/st/stm32cubeide_1.12.0/plugins/com.st.stm32cube.ide.mcu.externaltools.gnu-tools-for-stm32.10.3-2021.10.linux64_1.0.200.202301161003/tools/bin/../lib/gcc/arm-none-eabi/10.3.1/../../../../arm-none-eabi/lib/thumb/v7e-m+fp/hard/crt0.o
LOAD ./Core/Src/Mecanum.o
LOAD ./Core/Src/PID_Position.o
LOAD ./Core/Src/bno055.o
LOAD ./Core/Src/can.o
LOAD ./Core/Src/fonts.o
LOAD ./Core/Src/freertos.o
LOAD ./Core/Src/gpio.o
LOAD ./Core/Src/i2c.o
LOAD ./Core/Src/main.o
LOAD ./Core/Src/nrf.o
LOAD ./Core/Src/spi.o
LOAD ./Core/Src/ssd1306.o
LOAD ./Core/Src/stm32f4xx_hal_msp.o
LOAD ./Core/Src/stm32f4xx_hal_timebase_tim.o
LOAD ./Core/Src/stm32f4xx_it.o
LOAD ./Core/Src/syscalls.o
LOAD ./Core/Src/sysmem.o
LOAD ./Core/Src/system_stm32f4xx.o
LOAD ./Core/Src/tim.o
LOAD ./Core/Src/usart.o
LOAD ./Core/Startup/startup_stm32f407vgtx.o
LOAD ./Drivers/STM32F4xx_HAL_Driver/Src/stm32f4xx_hal.o
LOAD ./Drivers/STM32F4xx_HAL_Driver/Src/stm32f4xx_hal_can.o
LOAD ./Drivers/STM32F4xx_HAL_Driver/Src/stm32f4xx_hal_cortex.o
LOAD ./Drivers/STM32F4xx_HAL_Driver/Src/stm32f4xx_hal_dma.o
LOAD ./Drivers/STM32F4xx_HAL_Driver/Src/stm32f4xx_hal_dma_ex.o
LOAD ./Drivers/STM32F4xx_HAL_Driver/Src/stm32f4xx_hal_exti.o
LOAD ./Drivers/STM32F4xx_HAL_Driver/Src/stm32f4xx_hal_flash.o
LOAD ./Drivers/STM32F4xx_HAL_Driver/Src/stm32f4xx_hal_flash_ex.o
LOAD ./Drivers/STM32F4xx_HAL_Driver/Src/stm32f4xx_hal_flash_ramfunc.o
LOAD ./Drivers/STM32F4xx_HAL_Driver/Src/stm32f4xx_hal_gpio.o
LOAD ./Drivers/STM32F4xx_HAL_Driver/Src/stm32f4xx_hal_i2c.o
LOAD ./Drivers/STM32F4xx_HAL_Driver/Src/stm32f4xx_hal_i2c_ex.o
LOAD ./Drivers/STM32F4xx_HAL_Driver/Src/stm32f4xx_hal_pwr.o
LOAD ./Drivers/STM32F4xx_HAL_Driver/Src/stm32f4xx_hal_pwr_ex.o
LOAD ./Drivers/STM32F4xx_HAL_Driver/Src/stm32f4xx_hal_rcc.o
LOAD ./Drivers/STM32F4xx_HAL_Driver/Src/stm32f4xx_hal_rcc_ex.o
LOAD ./Drivers/STM32F4xx_HAL_Driver/Src/stm32f4xx_hal_spi.o
LOAD ./Drivers/STM32F4xx_HAL_Driver/Src/stm32f4xx_hal_tim.o
LOAD ./Drivers/STM32F4xx_HAL_Driver/Src/stm32f4xx_hal_tim_ex.o
LOAD ./Drivers/STM32F4xx_HAL_Driver/Src/stm32f4xx_hal_uart.o
LOAD ./Middlewares/Third_Party/FreeRTOS/Source/CMSIS_RTOS/cmsis_os.o
LOAD ./Middlewares/Third_Party/FreeRTOS/Source/croutine.o
LOAD ./Middlewares/Third_Party/FreeRTOS/Source/event_groups.o
LOAD ./Middlewares/Third_Party/FreeRTOS/Source/list.o
LOAD ./Middlewares/Third_Party/FreeRTOS/Source/queue.o
LOAD ./Middlewares/Third_Party/FreeRTOS/Source/stream_buffer.o
LOAD ./Middlewares/Third_Party/FreeRTOS/Source/tasks.o
LOAD ./Middlewares/Third_Party/FreeRTOS/Source/timers.o
LOAD ./Middlewares/Third_Party/FreeRTOS/Source/portable/GCC/ARM_CM4F/port.o
LOAD ./Middlewares/Third_Party/FreeRTOS/Source/portable/MemMang/heap_4.o
LOAD ../Middlewares/ST/ARM/DSP/Lib/libarm_cortexM4lf_math.a
START GROUP
LOAD /opt/st/stm32cubeide_1.12.0/plugins/com.st.stm32cube.ide.mcu.externaltools.gnu-tools-for-stm32.10.3-2021.10.linux64_1.0.200.202301161003/tools/bin/../lib/gcc/arm-none-eabi/10.3.1/../../../../arm-none-eabi/lib/thumb/v7e-m+fp/hard/libc_nano.a
LOAD /opt/st/stm32cubeide_1.12.0/plugins/com.st.stm32cube.ide.mcu.externaltools.gnu-tools-for-stm32.10.3-2021.10.linux64_1.0.200.202301161003/tools/bin/../lib/gcc/arm-none-eabi/10.3.1/../../../../arm-none-eabi/lib/thumb/v7e-m+fp/hard/libm.a
END GROUP
START GROUP
LOAD /opt/st/stm32cubeide_1.12.0/plugins/com.st.stm32cube.ide.mcu.externaltools.gnu-tools-for-stm32.10.3-2021.10.linux64_1.0.200.202301161003/tools/bin/../lib/gcc/arm-none-eabi/10.3.1/thumb/v7e-m+fp/hard/libgcc.a
LOAD /opt/st/stm32cubeide_1.12.0/plugins/com.st.stm32cube.ide.mcu.externaltools.gnu-tools-for-stm32.10.3-2021.10.linux64_1.0.200.202301161003/tools/bin/../lib/gcc/arm-none-eabi/10.3.1/../../../../arm-none-eabi/lib/thumb/v7e-m+fp/hard/libc_nano.a
END GROUP
START GROUP
LOAD /opt/st/stm32cubeide_1.12.0/plugins/com.st.stm32cube.ide.mcu.externaltools.gnu-tools-for-stm32.10.3-2021.10.linux64_1.0.200.202301161003/tools/bin/../lib/gcc/arm-none-eabi/10.3.1/thumb/v7e-m+fp/hard/libgcc.a
LOAD /opt/st/stm32cubeide_1.12.0/plugins/com.st.stm32cube.ide.mcu.externaltools.gnu-tools-for-stm32.10.3-2021.10.linux64_1.0.200.202301161003/tools/bin/../lib/gcc/arm-none-eabi/10.3.1/../../../../arm-none-eabi/lib/thumb/v7e-m+fp/hard/libc_nano.a
LOAD /opt/st/stm32cubeide_1.12.0/plugins/com.st.stm32cube.ide.mcu.externaltools.gnu-tools-for-stm32.10.3-2021.10.linux64_1.0.200.202301161003/tools/bin/../lib/gcc/arm-none-eabi/10.3.1/../../../../arm-none-eabi/lib/thumb/v7e-m+fp/hard/libnosys.a
END GROUP
START GROUP
LOAD /opt/st/stm32cubeide_1.12.0/plugins/com.st.stm32cube.ide.mcu.externaltools.gnu-tools-for-stm32.10.3-2021.10.linux64_1.0.200.202301161003/tools/bin/../lib/gcc/arm-none-eabi/10.3.1/thumb/v7e-m+fp/hard/libgcc.a
LOAD /opt/st/stm32cubeide_1.12.0/plugins/com.st.stm32cube.ide.mcu.externaltools.gnu-tools-for-stm32.10.3-2021.10.linux64_1.0.200.202301161003/tools/bin/../lib/gcc/arm-none-eabi/10.3.1/../../../../arm-none-eabi/lib/thumb/v7e-m+fp/hard/libc_nano.a
LOAD /opt/st/stm32cubeide_1.12.0/plugins/com.st.stm32cube.ide.mcu.externaltools.gnu-tools-for-stm32.10.3-2021.10.linux64_1.0.200.202301161003/tools/bin/../lib/gcc/arm-none-eabi/10.3.1/../../../../arm-none-eabi/lib/thumb/v7e-m+fp/hard/libnosys.a
END GROUP
LOAD /opt/st/stm32cubeide_1.12.0/plugins/com.st.stm32cube.ide.mcu.externaltools.gnu-tools-for-stm32.10.3-2021.10.linux64_1.0.200.202301161003/tools/bin/../lib/gcc/arm-none-eabi/10.3.1/thumb/v7e-m+fp/hard/crtend.o
LOAD /opt/st/stm32cubeide_1.12.0/plugins/com.st.stm32cube.ide.mcu.externaltools.gnu-tools-for-stm32.10.3-2021.10.linux64_1.0.200.202301161003/tools/bin/../lib/gcc/arm-none-eabi/10.3.1/thumb/v7e-m+fp/hard/crtn.o
                0x0000000020020000                _estack = (ORIGIN (RAM) + LENGTH (RAM))
                0x0000000000000200                _Min_Heap_Size = 0x200
                0x0000000000000400                _Min_Stack_Size = 0x400

.isr_vector     0x0000000008000000      0x188
                0x0000000008000000                . = ALIGN (0x4)
 *(.isr_vector)
 .isr_vector    0x0000000008000000      0x188 ./Core/Startup/startup_stm32f407vgtx.o
                0x0000000008000000                g_pfnVectors
                0x0000000008000188                . = ALIGN (0x4)

.text           0x0000000008000190     0xc9ec
                0x0000000008000190                . = ALIGN (0x4)
 *(.text)
 .text          0x0000000008000190       0x40 /opt/st/stm32cubeide_1.12.0/plugins/com.st.stm32cube.ide.mcu.externaltools.gnu-tools-for-stm32.10.3-2021.10.linux64_1.0.200.202301161003/tools/bin/../lib/gcc/arm-none-eabi/10.3.1/thumb/v7e-m+fp/hard/crtbegin.o
 .text          0x00000000080001d0       0xa0 /opt/st/stm32cubeide_1.12.0/plugins/com.st.stm32cube.ide.mcu.externaltools.gnu-tools-for-stm32.10.3-2021.10.linux64_1.0.200.202301161003/tools/bin/../lib/gcc/arm-none-eabi/10.3.1/../../../../arm-none-eabi/lib/thumb/v7e-m+fp/hard/libc_nano.a(lib_a-memchr.o)
                0x00000000080001d0                memchr
 .text          0x0000000008000270      0x378 /opt/st/stm32cubeide_1.12.0/plugins/com.st.stm32cube.ide.mcu.externaltools.gnu-tools-for-stm32.10.3-2021.10.linux64_1.0.200.202301161003/tools/bin/../lib/gcc/arm-none-eabi/10.3.1/thumb/v7e-m+fp/hard/libgcc.a(_arm_addsubdf3.o)
                0x0000000008000270                __aeabi_drsub
                0x0000000008000278                __aeabi_dsub
                0x0000000008000278                __subdf3
                0x000000000800027c                __adddf3
                0x000000000800027c                __aeabi_dadd
                0x00000000080004f4                __aeabi_ui2d
                0x00000000080004f4                __floatunsidf
                0x0000000008000514                __floatsidf
                0x0000000008000514                __aeabi_i2d
                0x0000000008000538                __extendsfdf2
                0x0000000008000538                __aeabi_f2d
                0x000000000800057c                __aeabi_ul2d
                0x000000000800057c                __floatundidf
                0x000000000800058c                __floatdidf
                0x000000000800058c                __aeabi_l2d
 .text          0x00000000080005e8      0x424 /opt/st/stm32cubeide_1.12.0/plugins/com.st.stm32cube.ide.mcu.externaltools.gnu-tools-for-stm32.10.3-2021.10.linux64_1.0.200.202301161003/tools/bin/../lib/gcc/arm-none-eabi/10.3.1/thumb/v7e-m+fp/hard/libgcc.a(_arm_muldivdf3.o)
                0x00000000080005e8                __aeabi_dmul
                0x00000000080005e8                __muldf3
                0x000000000800083c                __aeabi_ddiv
                0x000000000800083c                __divdf3
 .text          0x0000000008000a0c      0x110 /opt/st/stm32cubeide_1.12.0/plugins/com.st.stm32cube.ide.mcu.externaltools.gnu-tools-for-stm32.10.3-2021.10.linux64_1.0.200.202301161003/tools/bin/../lib/gcc/arm-none-eabi/10.3.1/thumb/v7e-m+fp/hard/libgcc.a(_arm_cmpdf2.o)
                0x0000000008000a0c                __gtdf2
                0x0000000008000a0c                __gedf2
                0x0000000008000a14                __ltdf2
                0x0000000008000a14                __ledf2
                0x0000000008000a1c                __cmpdf2
                0x0000000008000a1c                __eqdf2
                0x0000000008000a1c                __nedf2
                0x0000000008000a98                __aeabi_cdrcmple
                0x0000000008000aa8                __aeabi_cdcmple
                0x0000000008000aa8                __aeabi_cdcmpeq
                0x0000000008000ab8                __aeabi_dcmpeq
                0x0000000008000acc                __aeabi_dcmplt
                0x0000000008000ae0                __aeabi_dcmple
                0x0000000008000af4                __aeabi_dcmpge
                0x0000000008000b08                __aeabi_dcmpgt
 .text          0x0000000008000b1c       0x50 /opt/st/stm32cubeide_1.12.0/plugins/com.st.stm32cube.ide.mcu.externaltools.gnu-tools-for-stm32.10.3-2021.10.linux64_1.0.200.202301161003/tools/bin/../lib/gcc/arm-none-eabi/10.3.1/thumb/v7e-m+fp/hard/libgcc.a(_arm_fixdfsi.o)
                0x0000000008000b1c                __fixdfsi
                0x0000000008000b1c                __aeabi_d2iz
 .text          0x0000000008000b6c       0xa0 /opt/st/stm32cubeide_1.12.0/plugins/com.st.stm32cube.ide.mcu.externaltools.gnu-tools-for-stm32.10.3-2021.10.linux64_1.0.200.202301161003/tools/bin/../lib/gcc/arm-none-eabi/10.3.1/thumb/v7e-m+fp/hard/libgcc.a(_arm_truncdfsf2.o)
                0x0000000008000b6c                __aeabi_d2f
                0x0000000008000b6c                __truncdfsf2
 .text          0x0000000008000c0c       0x30 /opt/st/stm32cubeide_1.12.0/plugins/com.st.stm32cube.ide.mcu.externaltools.gnu-tools-for-stm32.10.3-2021.10.linux64_1.0.200.202301161003/tools/bin/../lib/gcc/arm-none-eabi/10.3.1/thumb/v7e-m+fp/hard/libgcc.a(_aeabi_uldivmod.o)
                0x0000000008000c0c                __aeabi_uldivmod
 .text          0x0000000008000c3c      0x2d0 /opt/st/stm32cubeide_1.12.0/plugins/com.st.stm32cube.ide.mcu.externaltools.gnu-tools-for-stm32.10.3-2021.10.linux64_1.0.200.202301161003/tools/bin/../lib/gcc/arm-none-eabi/10.3.1/thumb/v7e-m+fp/hard/libgcc.a(_udivmoddi4.o)
                0x0000000008000c3c                __udivmoddi4
 .text          0x0000000008000f0c        0x4 /opt/st/stm32cubeide_1.12.0/plugins/com.st.stm32cube.ide.mcu.externaltools.gnu-tools-for-stm32.10.3-2021.10.linux64_1.0.200.202301161003/tools/bin/../lib/gcc/arm-none-eabi/10.3.1/thumb/v7e-m+fp/hard/libgcc.a(_dvmd_tls.o)
                0x0000000008000f0c                __aeabi_ldiv0
                0x0000000008000f0c                __aeabi_idiv0
 *(.text*)
 .text.PID_Position_Init
                0x0000000008000f10       0xa4 ./Core/Src/PID_Position.o
                0x0000000008000f10                PID_Position_Init
 .text.PID_Position
                0x0000000008000fb4      0x2a8 ./Core/Src/PID_Position.o
                0x0000000008000fb4                PID_Position
 .text.bno055_setPage
                0x000000000800125c       0x1c ./Core/Src/bno055.o
                0x000000000800125c                bno055_setPage
 .text.bno055_setOperationMode
                0x0000000008001278       0x30 ./Core/Src/bno055.o
                0x0000000008001278                bno055_setOperationMode
 .text.bno055_setOperationModeConfig
                0x00000000080012a8        0xe ./Core/Src/bno055.o
                0x00000000080012a8                bno055_setOperationModeConfig
 .text.bno055_setOperationModeNDOF
                0x00000000080012b6        0xe ./Core/Src/bno055.o
                0x00000000080012b6                bno055_setOperationModeNDOF
 .text.bno055_reset
                0x00000000080012c4       0x18 ./Core/Src/bno055.o
                0x00000000080012c4                bno055_reset
 .text.bno055_setup
                0x00000000080012dc       0x50 ./Core/Src/bno055.o
                0x00000000080012dc                bno055_setup
 .text.bno055_getVector
                0x000000000800132c      0x288 ./Core/Src/bno055.o
                0x000000000800132c                bno055_getVector
 .text.bno055_getVectorQuaternion
                0x00000000080015b4       0x86 ./Core/Src/bno055.o
                0x00000000080015b4                bno055_getVectorQuaternion
 *fill*         0x000000000800163a        0x2 
 .text.MX_CAN1_Init
                0x000000000800163c       0xa4 ./Core/Src/can.o
                0x000000000800163c                MX_CAN1_Init
 .text.HAL_CAN_MspInit
                0x00000000080016e0       0xa0 ./Core/Src/can.o
                0x00000000080016e0                HAL_CAN_MspInit
 .text.bno055_assignI2C
                0x0000000008001780       0x20 ./Core/Src/freertos.o
                0x0000000008001780                bno055_assignI2C
 .text.bno055_delay
                0x00000000080017a0       0x18 ./Core/Src/freertos.o
                0x00000000080017a0                bno055_delay
 .text.bno055_writeData
                0x00000000080017b8      0x1d8 ./Core/Src/freertos.o
                0x00000000080017b8                bno055_writeData
 .text.bno055_readData
                0x0000000008001990       0x44 ./Core/Src/freertos.o
                0x0000000008001990                bno055_readData
 *fill*         0x00000000080019d4        0x4 
 .text.read_encoder
                0x00000000080019d8      0x11c ./Core/Src/freertos.o
                0x00000000080019d8                read_encoder
 .text.ReceiveMode
                0x0000000008001af4       0x40 ./Core/Src/freertos.o
                0x0000000008001af4                ReceiveMode
 .text.vApplicationGetIdleTaskMemory
                0x0000000008001b34       0x34 ./Core/Src/freertos.o
                0x0000000008001b34                vApplicationGetIdleTaskMemory
 .text.MX_FREERTOS_Init
                0x0000000008001b68       0x68 ./Core/Src/freertos.o
                0x0000000008001b68                MX_FREERTOS_Init
 .text.Position_Init
                0x0000000008001bd0      0x554 ./Core/Src/freertos.o
                0x0000000008001bd0                Position_Init
 .text.NRF_Init
                0x0000000008002124      0x1ac ./Core/Src/freertos.o
                0x0000000008002124                NRF_Init
 .text.MX_GPIO_Init
                0x00000000080022d0       0xbc ./Core/Src/gpio.o
                0x00000000080022d0                MX_GPIO_Init
 .text.MX_I2C1_Init
                0x000000000800238c       0x5c ./Core/Src/i2c.o
                0x000000000800238c                MX_I2C1_Init
 .text.MX_I2C2_Init
                0x00000000080023e8       0x5c ./Core/Src/i2c.o
                0x00000000080023e8                MX_I2C2_Init
 .text.HAL_I2C_MspInit
                0x0000000008002444       0xf8 ./Core/Src/i2c.o
                0x0000000008002444                HAL_I2C_MspInit
 .text.map      0x000000000800253c       0x5c ./Core/Src/main.o
                0x000000000800253c                map
 .text.HAL_CAN_RxFifo0MsgPendingCallback
                0x0000000008002598      0x1a0 ./Core/Src/main.o
                0x0000000008002598                HAL_CAN_RxFifo0MsgPendingCallback
 .text.main     0x0000000008002738       0x84 ./Core/Src/main.o
                0x0000000008002738                main
 .text.SystemClock_Config
                0x00000000080027bc       0xd4 ./Core/Src/main.o
                0x00000000080027bc                SystemClock_Config
 .text.HAL_TIM_PeriodElapsedCallback
                0x0000000008002890      0x1a0 ./Core/Src/main.o
                0x0000000008002890                HAL_TIM_PeriodElapsedCallback
 .text.Error_Handler
                0x0000000008002a30        0xa ./Core/Src/main.o
                0x0000000008002a30                Error_Handler
 *fill*         0x0000000008002a3a        0x2 
 .text.NRF24_DelayMicroSeconds
                0x0000000008002a3c       0x44 ./Core/Src/nrf.o
                0x0000000008002a3c                NRF24_DelayMicroSeconds
 .text.NRF24_csn
                0x0000000008002a80       0x40 ./Core/Src/nrf.o
                0x0000000008002a80                NRF24_csn
 .text.NRF24_ce
                0x0000000008002ac0       0x40 ./Core/Src/nrf.o
                0x0000000008002ac0                NRF24_ce
 .text.NRF24_read_register
                0x0000000008002b00       0x50 ./Core/Src/nrf.o
                0x0000000008002b00                NRF24_read_register
 .text.NRF24_write_register
                0x0000000008002b50       0x44 ./Core/Src/nrf.o
                0x0000000008002b50                NRF24_write_register
 .text.NRF24_write_registerN
                0x0000000008002b94       0x50 ./Core/Src/nrf.o
                0x0000000008002b94                NRF24_write_registerN
 .text.NRF24_read_payload
                0x0000000008002be4       0x60 ./Core/Src/nrf.o
                0x0000000008002be4                NRF24_read_payload
 .text.NRF24_flush_tx
                0x0000000008002c44       0x10 ./Core/Src/nrf.o
                0x0000000008002c44                NRF24_flush_tx
 .text.NRF24_flush_rx
                0x0000000008002c54       0x10 ./Core/Src/nrf.o
                0x0000000008002c54                NRF24_flush_rx
 .text.NRF24_get_status
                0x0000000008002c64       0x1a ./Core/Src/nrf.o
                0x0000000008002c64                NRF24_get_status
 *fill*         0x0000000008002c7e        0x2 
 .text.NRF24_begin
                0x0000000008002c80      0x1c0 ./Core/Src/nrf.o
                0x0000000008002c80                NRF24_begin
 .text.NRF24_startListening
                0x0000000008002e40       0x4c ./Core/Src/nrf.o
                0x0000000008002e40                NRF24_startListening
 .text.NRF24_available
                0x0000000008002e8c       0x10 ./Core/Src/nrf.o
                0x0000000008002e8c                NRF24_available
 .text.NRF24_read
                0x0000000008002e9c       0x40 ./Core/Src/nrf.o
                0x0000000008002e9c                NRF24_read
 .text.NRF24_openReadingPipe
                0x0000000008002edc       0x9c ./Core/Src/nrf.o
                0x0000000008002edc                NRF24_openReadingPipe
 .text.NRF24_setRetries
                0x0000000008002f78       0x36 ./Core/Src/nrf.o
                0x0000000008002f78                NRF24_setRetries
 .text.NRF24_setChannel
                0x0000000008002fae       0x2a ./Core/Src/nrf.o
                0x0000000008002fae                NRF24_setChannel
 .text.NRF24_setPayloadSize
                0x0000000008002fd8       0x30 ./Core/Src/nrf.o
                0x0000000008002fd8                NRF24_setPayloadSize
 .text.NRF24_getPayloadSize
                0x0000000008003008       0x18 ./Core/Src/nrf.o
                0x0000000008003008                NRF24_getPayloadSize
 .text.NRF24_getDynamicPayloadSize
                0x0000000008003020       0x10 ./Core/Src/nrf.o
                0x0000000008003020                NRF24_getDynamicPayloadSize
 .text.NRF24_enableAckPayload
                0x0000000008003030       0x5a ./Core/Src/nrf.o
                0x0000000008003030                NRF24_enableAckPayload
 *fill*         0x000000000800308a        0x2 
 .text.NRF24_enableDynamicPayloads
                0x000000000800308c       0x64 ./Core/Src/nrf.o
                0x000000000800308c                NRF24_enableDynamicPayloads
 .text.NRF24_disableDynamicPayloads
                0x00000000080030f0       0x30 ./Core/Src/nrf.o
                0x00000000080030f0                NRF24_disableDynamicPayloads
 .text.NRF24_setAutoAck
                0x0000000008003120       0x2a ./Core/Src/nrf.o
                0x0000000008003120                NRF24_setAutoAck
 .text.NRF24_setPALevel
                0x000000000800314a       0x72 ./Core/Src/nrf.o
                0x000000000800314a                NRF24_setPALevel
 .text.NRF24_setDataRate
                0x00000000080031bc       0x8c ./Core/Src/nrf.o
                0x00000000080031bc                NRF24_setDataRate
 .text.NRF24_setCRCLength
                0x0000000008003248       0x50 ./Core/Src/nrf.o
                0x0000000008003248                NRF24_setCRCLength
 .text.NRF24_powerDown
                0x0000000008003298       0x1e ./Core/Src/nrf.o
                0x0000000008003298                NRF24_powerDown
 .text.NRF24_availablePipe
                0x00000000080032b6       0x60 ./Core/Src/nrf.o
                0x00000000080032b6                NRF24_availablePipe
 .text.NRF24_writeAckPayload
                0x0000000008003316       0x54 ./Core/Src/nrf.o
                0x0000000008003316                NRF24_writeAckPayload
 .text.NRF24_resetStatus
                0x000000000800336a       0x10 ./Core/Src/nrf.o
                0x000000000800336a                NRF24_resetStatus
 *fill*         0x000000000800337a        0x2 
 .text.NRF24_ACTIVATE_cmd
                0x000000000800337c       0x34 ./Core/Src/nrf.o
                0x000000000800337c                NRF24_ACTIVATE_cmd
 .text.MX_SPI1_Init
                0x00000000080033b0       0x6c ./Core/Src/spi.o
                0x00000000080033b0                MX_SPI1_Init
 .text.HAL_SPI_MspInit
                0x000000000800341c       0x90 ./Core/Src/spi.o
                0x000000000800341c                HAL_SPI_MspInit
 .text.HAL_MspInit
                0x00000000080034ac       0x58 ./Core/Src/stm32f4xx_hal_msp.o
                0x00000000080034ac                HAL_MspInit
 .text.HAL_InitTick
                0x0000000008003504       0xf8 ./Core/Src/stm32f4xx_hal_timebase_tim.o
                0x0000000008003504                HAL_InitTick
 .text.NMI_Handler
                0x00000000080035fc        0x6 ./Core/Src/stm32f4xx_it.o
                0x00000000080035fc                NMI_Handler
 .text.HardFault_Handler
                0x0000000008003602        0x6 ./Core/Src/stm32f4xx_it.o
                0x0000000008003602                HardFault_Handler
 .text.MemManage_Handler
                0x0000000008003608        0x6 ./Core/Src/stm32f4xx_it.o
                0x0000000008003608                MemManage_Handler
 .text.BusFault_Handler
                0x000000000800360e        0x6 ./Core/Src/stm32f4xx_it.o
                0x000000000800360e                BusFault_Handler
 .text.UsageFault_Handler
                0x0000000008003614        0x6 ./Core/Src/stm32f4xx_it.o
                0x0000000008003614                UsageFault_Handler
 .text.DebugMon_Handler
                0x000000000800361a        0xe ./Core/Src/stm32f4xx_it.o
                0x000000000800361a                DebugMon_Handler
 .text.CAN1_RX0_IRQHandler
                0x0000000008003628       0x14 ./Core/Src/stm32f4xx_it.o
                0x0000000008003628                CAN1_RX0_IRQHandler
 .text.TIM1_BRK_TIM9_IRQHandler
                0x000000000800363c       0x1c ./Core/Src/stm32f4xx_it.o
                0x000000000800363c                TIM1_BRK_TIM9_IRQHandler
 .text.TIM3_IRQHandler
                0x0000000008003658       0x14 ./Core/Src/stm32f4xx_it.o
                0x0000000008003658                TIM3_IRQHandler
 .text.TIM6_DAC_IRQHandler
                0x000000000800366c       0x14 ./Core/Src/stm32f4xx_it.o
                0x000000000800366c                TIM6_DAC_IRQHandler
 .text._read    0x0000000008003680       0x3a ./Core/Src/syscalls.o
                0x0000000008003680                _read
 .text._write   0x00000000080036ba       0x38 ./Core/Src/syscalls.o
                0x00000000080036ba                _write
 .text._close   0x00000000080036f2       0x18 ./Core/Src/syscalls.o
                0x00000000080036f2                _close
 .text._fstat   0x000000000800370a       0x20 ./Core/Src/syscalls.o
                0x000000000800370a                _fstat
 .text._isatty  0x000000000800372a       0x16 ./Core/Src/syscalls.o
                0x000000000800372a                _isatty
 .text._lseek   0x0000000008003740       0x1a ./Core/Src/syscalls.o
                0x0000000008003740                _lseek
 *fill*         0x000000000800375a        0x2 
 .text._sbrk    0x000000000800375c       0x6c ./Core/Src/sysmem.o
                0x000000000800375c                _sbrk
 .text.SystemInit
                0x00000000080037c8       0x24 ./Core/Src/system_stm32f4xx.o
                0x00000000080037c8                SystemInit
 .text.MX_TIM1_Init
                0x00000000080037ec       0xb0 ./Core/Src/tim.o
                0x00000000080037ec                MX_TIM1_Init
 .text.MX_TIM2_Init
                0x000000000800389c       0xa8 ./Core/Src/tim.o
                0x000000000800389c                MX_TIM2_Init
 .text.MX_TIM3_Init
                0x0000000008003944       0x9c ./Core/Src/tim.o
                0x0000000008003944                MX_TIM3_Init
 .text.MX_TIM9_Init
                0x00000000080039e0       0x74 ./Core/Src/tim.o
                0x00000000080039e0                MX_TIM9_Init
 .text.HAL_TIM_Encoder_MspInit
                0x0000000008003a54      0x108 ./Core/Src/tim.o
                0x0000000008003a54                HAL_TIM_Encoder_MspInit
 .text.HAL_TIM_Base_MspInit
                0x0000000008003b5c       0x8c ./Core/Src/tim.o
                0x0000000008003b5c                HAL_TIM_Base_MspInit
 .text.MX_USART1_UART_Init
                0x0000000008003be8       0x54 ./Core/Src/usart.o
                0x0000000008003be8                MX_USART1_UART_Init
 .text.HAL_UART_MspInit
                0x0000000008003c3c       0x90 ./Core/Src/usart.o
                0x0000000008003c3c                HAL_UART_MspInit
 .text.Reset_Handler
                0x0000000008003ccc       0x50 ./Core/Startup/startup_stm32f407vgtx.o
                0x0000000008003ccc                Reset_Handler
 .text.Default_Handler
                0x0000000008003d1c        0x2 ./Core/Startup/startup_stm32f407vgtx.o
                0x0000000008003d1c                RTC_Alarm_IRQHandler
                0x0000000008003d1c                HASH_RNG_IRQHandler
                0x0000000008003d1c                EXTI2_IRQHandler
                0x0000000008003d1c                TIM8_CC_IRQHandler
                0x0000000008003d1c                TIM1_CC_IRQHandler
                0x0000000008003d1c                DMA2_Stream5_IRQHandler
                0x0000000008003d1c                DMA1_Stream5_IRQHandler
                0x0000000008003d1c                PVD_IRQHandler
                0x0000000008003d1c                SDIO_IRQHandler
                0x0000000008003d1c                TAMP_STAMP_IRQHandler
                0x0000000008003d1c                CAN2_RX1_IRQHandler
                0x0000000008003d1c                EXTI3_IRQHandler
                0x0000000008003d1c                TIM8_TRG_COM_TIM14_IRQHandler
                0x0000000008003d1c                TIM1_UP_TIM10_IRQHandler
                0x0000000008003d1c                TIM8_UP_TIM13_IRQHandler
                0x0000000008003d1c                I2C3_ER_IRQHandler
                0x0000000008003d1c                EXTI0_IRQHandler
                0x0000000008003d1c                I2C2_EV_IRQHandler
                0x0000000008003d1c                DMA1_Stream2_IRQHandler
                0x0000000008003d1c                FPU_IRQHandler
                0x0000000008003d1c                OTG_HS_WKUP_IRQHandler
                0x0000000008003d1c                CAN2_SCE_IRQHandler
                0x0000000008003d1c                DMA2_Stream2_IRQHandler
                0x0000000008003d1c                SPI1_IRQHandler
                0x0000000008003d1c                DCMI_IRQHandler
                0x0000000008003d1c                CAN2_RX0_IRQHandler
                0x0000000008003d1c                DMA2_Stream3_IRQHandler
                0x0000000008003d1c                USART6_IRQHandler
                0x0000000008003d1c                USART3_IRQHandler
                0x0000000008003d1c                CAN1_RX1_IRQHandler
                0x0000000008003d1c                UART5_IRQHandler
                0x0000000008003d1c                DMA2_Stream0_IRQHandler
                0x0000000008003d1c                TIM4_IRQHandler
                0x0000000008003d1c                I2C1_EV_IRQHandler
                0x0000000008003d1c                DMA1_Stream6_IRQHandler
                0x0000000008003d1c                DMA1_Stream1_IRQHandler
                0x0000000008003d1c                UART4_IRQHandler
                0x0000000008003d1c                RCC_IRQHandler
                0x0000000008003d1c                TIM8_BRK_TIM12_IRQHandler
                0x0000000008003d1c                Default_Handler
                0x0000000008003d1c                EXTI15_10_IRQHandler
                0x0000000008003d1c                ADC_IRQHandler
                0x0000000008003d1c                DMA1_Stream7_IRQHandler
                0x0000000008003d1c                TIM7_IRQHandler
                0x0000000008003d1c                CAN2_TX_IRQHandler
                0x0000000008003d1c                TIM5_IRQHandler
                0x0000000008003d1c                DMA2_Stream7_IRQHandler
                0x0000000008003d1c                I2C3_EV_IRQHandler
                0x0000000008003d1c                EXTI9_5_IRQHandler
                0x0000000008003d1c                RTC_WKUP_IRQHandler
                0x0000000008003d1c                ETH_WKUP_IRQHandler
                0x0000000008003d1c                SPI2_IRQHandler
                0x0000000008003d1c                OTG_HS_EP1_IN_IRQHandler
                0x0000000008003d1c                DMA1_Stream0_IRQHandler
                0x0000000008003d1c                CAN1_TX_IRQHandler
                0x0000000008003d1c                EXTI4_IRQHandler
                0x0000000008003d1c                FSMC_IRQHandler
                0x0000000008003d1c                ETH_IRQHandler
                0x0000000008003d1c                OTG_HS_EP1_OUT_IRQHandler
                0x0000000008003d1c                WWDG_IRQHandler
                0x0000000008003d1c                TIM2_IRQHandler
                0x0000000008003d1c                OTG_FS_WKUP_IRQHandler
                0x0000000008003d1c                TIM1_TRG_COM_TIM11_IRQHandler
                0x0000000008003d1c                OTG_HS_IRQHandler
                0x0000000008003d1c                EXTI1_IRQHandler
                0x0000000008003d1c                USART2_IRQHandler
                0x0000000008003d1c                I2C2_ER_IRQHandler
                0x0000000008003d1c                DMA2_Stream1_IRQHandler
                0x0000000008003d1c                CAN1_SCE_IRQHandler
                0x0000000008003d1c                FLASH_IRQHandler
                0x0000000008003d1c                DMA2_Stream4_IRQHandler
                0x0000000008003d1c                USART1_IRQHandler
                0x0000000008003d1c                OTG_FS_IRQHandler
                0x0000000008003d1c                SPI3_IRQHandler
                0x0000000008003d1c                DMA1_Stream4_IRQHandler
                0x0000000008003d1c                I2C1_ER_IRQHandler
                0x0000000008003d1c                DMA2_Stream6_IRQHandler
                0x0000000008003d1c                DMA1_Stream3_IRQHandler
 *fill*         0x0000000008003d1e        0x2 
 .text.HAL_Init
                0x0000000008003d20       0x44 ./Drivers/STM32F4xx_HAL_Driver/Src/stm32f4xx_hal.o
                0x0000000008003d20                HAL_Init
 .text.HAL_IncTick
                0x0000000008003d64       0x28 ./Drivers/STM32F4xx_HAL_Driver/Src/stm32f4xx_hal.o
                0x0000000008003d64                HAL_IncTick
 .text.HAL_GetTick
                0x0000000008003d8c       0x18 ./Drivers/STM32F4xx_HAL_Driver/Src/stm32f4xx_hal.o
                0x0000000008003d8c                HAL_GetTick
 .text.HAL_Delay
                0x0000000008003da4       0x48 ./Drivers/STM32F4xx_HAL_Driver/Src/stm32f4xx_hal.o
                0x0000000008003da4                HAL_Delay
 .text.HAL_CAN_Init
                0x0000000008003dec      0x1f6 ./Drivers/STM32F4xx_HAL_Driver/Src/stm32f4xx_hal_can.o
                0x0000000008003dec                HAL_CAN_Init
 *fill*         0x0000000008003fe2        0x2 
 .text.HAL_CAN_ConfigFilter
                0x0000000008003fe4      0x1c0 ./Drivers/STM32F4xx_HAL_Driver/Src/stm32f4xx_hal_can.o
                0x0000000008003fe4                HAL_CAN_ConfigFilter
 .text.HAL_CAN_Start
                0x00000000080041a4       0x88 ./Drivers/STM32F4xx_HAL_Driver/Src/stm32f4xx_hal_can.o
                0x00000000080041a4                HAL_CAN_Start
 .text.HAL_CAN_AddTxMessage
                0x000000000800422c      0x1b6 ./Drivers/STM32F4xx_HAL_Driver/Src/stm32f4xx_hal_can.o
                0x000000000800422c                HAL_CAN_AddTxMessage
 .text.HAL_CAN_GetRxMessage
                0x00000000080043e2      0x224 ./Drivers/STM32F4xx_HAL_Driver/Src/stm32f4xx_hal_can.o
                0x00000000080043e2                HAL_CAN_GetRxMessage
 .text.HAL_CAN_ActivateNotification
                0x0000000008004606       0x4c ./Drivers/STM32F4xx_HAL_Driver/Src/stm32f4xx_hal_can.o
                0x0000000008004606                HAL_CAN_ActivateNotification
 .text.HAL_CAN_IRQHandler
                0x0000000008004652      0x36e ./Drivers/STM32F4xx_HAL_Driver/Src/stm32f4xx_hal_can.o
                0x0000000008004652                HAL_CAN_IRQHandler
 .text.HAL_CAN_TxMailbox0CompleteCallback
                0x00000000080049c0       0x14 ./Drivers/STM32F4xx_HAL_Driver/Src/stm32f4xx_hal_can.o
                0x00000000080049c0                HAL_CAN_TxMailbox0CompleteCallback
 .text.HAL_CAN_TxMailbox1CompleteCallback
                0x00000000080049d4       0x14 ./Drivers/STM32F4xx_HAL_Driver/Src/stm32f4xx_hal_can.o
                0x00000000080049d4                HAL_CAN_TxMailbox1CompleteCallback
 .text.HAL_CAN_TxMailbox2CompleteCallback
                0x00000000080049e8       0x14 ./Drivers/STM32F4xx_HAL_Driver/Src/stm32f4xx_hal_can.o
                0x00000000080049e8                HAL_CAN_TxMailbox2CompleteCallback
 .text.HAL_CAN_TxMailbox0AbortCallback
                0x00000000080049fc       0x14 ./Drivers/STM32F4xx_HAL_Driver/Src/stm32f4xx_hal_can.o
                0x00000000080049fc                HAL_CAN_TxMailbox0AbortCallback
 .text.HAL_CAN_TxMailbox1AbortCallback
                0x0000000008004a10       0x14 ./Drivers/STM32F4xx_HAL_Driver/Src/stm32f4xx_hal_can.o
                0x0000000008004a10                HAL_CAN_TxMailbox1AbortCallback
 .text.HAL_CAN_TxMailbox2AbortCallback
                0x0000000008004a24       0x14 ./Drivers/STM32F4xx_HAL_Driver/Src/stm32f4xx_hal_can.o
                0x0000000008004a24                HAL_CAN_TxMailbox2AbortCallback
 .text.HAL_CAN_RxFifo0FullCallback
                0x0000000008004a38       0x14 ./Drivers/STM32F4xx_HAL_Driver/Src/stm32f4xx_hal_can.o
                0x0000000008004a38                HAL_CAN_RxFifo0FullCallback
 .text.HAL_CAN_RxFifo1MsgPendingCallback
                0x0000000008004a4c       0x14 ./Drivers/STM32F4xx_HAL_Driver/Src/stm32f4xx_hal_can.o
                0x0000000008004a4c                HAL_CAN_RxFifo1MsgPendingCallback
 .text.HAL_CAN_RxFifo1FullCallback
                0x0000000008004a60       0x14 ./Drivers/STM32F4xx_HAL_Driver/Src/stm32f4xx_hal_can.o
                0x0000000008004a60                HAL_CAN_RxFifo1FullCallback
 .text.HAL_CAN_SleepCallback
                0x0000000008004a74       0x14 ./Drivers/STM32F4xx_HAL_Driver/Src/stm32f4xx_hal_can.o
                0x0000000008004a74                HAL_CAN_SleepCallback
 .text.HAL_CAN_WakeUpFromRxMsgCallback
                0x0000000008004a88       0x14 ./Drivers/STM32F4xx_HAL_Driver/Src/stm32f4xx_hal_can.o
                0x0000000008004a88                HAL_CAN_WakeUpFromRxMsgCallback
 .text.HAL_CAN_ErrorCallback
                0x0000000008004a9c       0x14 ./Drivers/STM32F4xx_HAL_Driver/Src/stm32f4xx_hal_can.o
                0x0000000008004a9c                HAL_CAN_ErrorCallback
 .text.__NVIC_SetPriorityGrouping
                0x0000000008004ab0       0x48 ./Drivers/STM32F4xx_HAL_Driver/Src/stm32f4xx_hal_cortex.o
 .text.__NVIC_GetPriorityGrouping
                0x0000000008004af8       0x1c ./Drivers/STM32F4xx_HAL_Driver/Src/stm32f4xx_hal_cortex.o
 .text.__NVIC_EnableIRQ
                0x0000000008004b14       0x3c ./Drivers/STM32F4xx_HAL_Driver/Src/stm32f4xx_hal_cortex.o
 .text.__NVIC_SetPriority
                0x0000000008004b50       0x54 ./Drivers/STM32F4xx_HAL_Driver/Src/stm32f4xx_hal_cortex.o
 .text.NVIC_EncodePriority
                0x0000000008004ba4       0x66 ./Drivers/STM32F4xx_HAL_Driver/Src/stm32f4xx_hal_cortex.o
 .text.HAL_NVIC_SetPriorityGrouping
                0x0000000008004c0a       0x16 ./Drivers/STM32F4xx_HAL_Driver/Src/stm32f4xx_hal_cortex.o
                0x0000000008004c0a                HAL_NVIC_SetPriorityGrouping
 .text.HAL_NVIC_SetPriority
                0x0000000008004c20       0x38 ./Drivers/STM32F4xx_HAL_Driver/Src/stm32f4xx_hal_cortex.o
                0x0000000008004c20                HAL_NVIC_SetPriority
 .text.HAL_NVIC_EnableIRQ
                0x0000000008004c58       0x1c ./Drivers/STM32F4xx_HAL_Driver/Src/stm32f4xx_hal_cortex.o
                0x0000000008004c58                HAL_NVIC_EnableIRQ
 .text.HAL_GPIO_Init
                0x0000000008004c74      0x338 ./Drivers/STM32F4xx_HAL_Driver/Src/stm32f4xx_hal_gpio.o
                0x0000000008004c74                HAL_GPIO_Init
 .text.HAL_GPIO_WritePin
                0x0000000008004fac       0x32 ./Drivers/STM32F4xx_HAL_Driver/Src/stm32f4xx_hal_gpio.o
                0x0000000008004fac                HAL_GPIO_WritePin
 *fill*         0x0000000008004fde        0x2 
 .text.HAL_I2C_Init
                0x0000000008004fe0      0x288 ./Drivers/STM32F4xx_HAL_Driver/Src/stm32f4xx_hal_i2c.o
                0x0000000008004fe0                HAL_I2C_Init
 .text.HAL_I2C_Master_Transmit
                0x0000000008005268      0x1fc ./Drivers/STM32F4xx_HAL_Driver/Src/stm32f4xx_hal_i2c.o
                0x0000000008005268                HAL_I2C_Master_Transmit
 .text.HAL_I2C_Master_Receive
                0x0000000008005464      0x44c ./Drivers/STM32F4xx_HAL_Driver/Src/stm32f4xx_hal_i2c.o
                0x0000000008005464                HAL_I2C_Master_Receive
 .text.HAL_I2C_GetState
                0x00000000080058b0       0x1c ./Drivers/STM32F4xx_HAL_Driver/Src/stm32f4xx_hal_i2c.o
                0x00000000080058b0                HAL_I2C_GetState
 .text.HAL_I2C_GetError
                0x00000000080058cc       0x18 ./Drivers/STM32F4xx_HAL_Driver/Src/stm32f4xx_hal_i2c.o
                0x00000000080058cc                HAL_I2C_GetError
 .text.I2C_MasterRequestWrite
                0x00000000080058e4      0x104 ./Drivers/STM32F4xx_HAL_Driver/Src/stm32f4xx_hal_i2c.o
 .text.I2C_MasterRequestRead
                0x00000000080059e8      0x19c ./Drivers/STM32F4xx_HAL_Driver/Src/stm32f4xx_hal_i2c.o
 .text.I2C_WaitOnFlagUntilTimeout
                0x0000000008005b84       0xae ./Drivers/STM32F4xx_HAL_Driver/Src/stm32f4xx_hal_i2c.o
 .text.I2C_WaitOnMasterAddressFlagUntilTimeout
                0x0000000008005c32       0xfe ./Drivers/STM32F4xx_HAL_Driver/Src/stm32f4xx_hal_i2c.o
 .text.I2C_WaitOnTXEFlagUntilTimeout
                0x0000000008005d30       0x82 ./Drivers/STM32F4xx_HAL_Driver/Src/stm32f4xx_hal_i2c.o
 .text.I2C_WaitOnBTFFlagUntilTimeout
                0x0000000008005db2       0x82 ./Drivers/STM32F4xx_HAL_Driver/Src/stm32f4xx_hal_i2c.o
 .text.I2C_WaitOnRXNEFlagUntilTimeout
                0x0000000008005e34       0xac ./Drivers/STM32F4xx_HAL_Driver/Src/stm32f4xx_hal_i2c.o
 .text.I2C_IsAcknowledgeFailed
                0x0000000008005ee0       0x5e ./Drivers/STM32F4xx_HAL_Driver/Src/stm32f4xx_hal_i2c.o
 *fill*         0x0000000008005f3e        0x2 
 .text.HAL_RCC_OscConfig
                0x0000000008005f40      0x4f0 ./Drivers/STM32F4xx_HAL_Driver/Src/stm32f4xx_hal_rcc.o
                0x0000000008005f40                HAL_RCC_OscConfig
 .text.HAL_RCC_ClockConfig
                0x0000000008006430      0x1cc ./Drivers/STM32F4xx_HAL_Driver/Src/stm32f4xx_hal_rcc.o
                0x0000000008006430                HAL_RCC_ClockConfig
 .text.HAL_RCC_GetSysClockFreq
                0x00000000080065fc      0x18c ./Drivers/STM32F4xx_HAL_Driver/Src/stm32f4xx_hal_rcc.o
                0x00000000080065fc                HAL_RCC_GetSysClockFreq
 .text.HAL_RCC_GetHCLKFreq
                0x0000000008006788       0x18 ./Drivers/STM32F4xx_HAL_Driver/Src/stm32f4xx_hal_rcc.o
                0x0000000008006788                HAL_RCC_GetHCLKFreq
 .text.HAL_RCC_GetPCLK1Freq
                0x00000000080067a0       0x28 ./Drivers/STM32F4xx_HAL_Driver/Src/stm32f4xx_hal_rcc.o
                0x00000000080067a0                HAL_RCC_GetPCLK1Freq
 .text.HAL_RCC_GetPCLK2Freq
                0x00000000080067c8       0x28 ./Drivers/STM32F4xx_HAL_Driver/Src/stm32f4xx_hal_rcc.o
                0x00000000080067c8                HAL_RCC_GetPCLK2Freq
 .text.HAL_RCC_GetClockConfig
                0x00000000080067f0       0x64 ./Drivers/STM32F4xx_HAL_Driver/Src/stm32f4xx_hal_rcc.o
                0x00000000080067f0                HAL_RCC_GetClockConfig
 .text.HAL_SPI_Init
                0x0000000008006854      0x112 ./Drivers/STM32F4xx_HAL_Driver/Src/stm32f4xx_hal_spi.o
                0x0000000008006854                HAL_SPI_Init
 .text.HAL_SPI_Transmit
                0x0000000008006966      0x278 ./Drivers/STM32F4xx_HAL_Driver/Src/stm32f4xx_hal_spi.o
                0x0000000008006966                HAL_SPI_Transmit
 .text.HAL_SPI_Receive
                0x0000000008006bde      0x222 ./Drivers/STM32F4xx_HAL_Driver/Src/stm32f4xx_hal_spi.o
                0x0000000008006bde                HAL_SPI_Receive
 .text.HAL_SPI_TransmitReceive
                0x0000000008006e00      0x344 ./Drivers/STM32F4xx_HAL_Driver/Src/stm32f4xx_hal_spi.o
                0x0000000008006e00                HAL_SPI_TransmitReceive
 .text.SPI_WaitFlagStateUntilTimeout
                0x0000000008007144      0x110 ./Drivers/STM32F4xx_HAL_Driver/Src/stm32f4xx_hal_spi.o
 .text.SPI_EndRxTransaction
                0x0000000008007254       0xca ./Drivers/STM32F4xx_HAL_Driver/Src/stm32f4xx_hal_spi.o
 *fill*         0x000000000800731e        0x2 
 .text.SPI_EndRxTxTransaction
                0x0000000008007320       0x84 ./Drivers/STM32F4xx_HAL_Driver/Src/stm32f4xx_hal_spi.o
 .text.HAL_TIM_Base_Init
                0x00000000080073a4       0x9e ./Drivers/STM32F4xx_HAL_Driver/Src/stm32f4xx_hal_tim.o
                0x00000000080073a4                HAL_TIM_Base_Init
 *fill*         0x0000000008007442        0x2 
 .text.HAL_TIM_Base_Start_IT
                0x0000000008007444       0xe0 ./Drivers/STM32F4xx_HAL_Driver/Src/stm32f4xx_hal_tim.o
                0x0000000008007444                HAL_TIM_Base_Start_IT
 .text.HAL_TIM_Encoder_Init
                0x0000000008007524      0x14c ./Drivers/STM32F4xx_HAL_Driver/Src/stm32f4xx_hal_tim.o
                0x0000000008007524                HAL_TIM_Encoder_Init
 .text.HAL_TIM_Encoder_Start
                0x0000000008007670      0x11c ./Drivers/STM32F4xx_HAL_Driver/Src/stm32f4xx_hal_tim.o
                0x0000000008007670                HAL_TIM_Encoder_Start
 .text.HAL_TIM_IRQHandler
                0x000000000800778c      0x210 ./Drivers/STM32F4xx_HAL_Driver/Src/stm32f4xx_hal_tim.o
                0x000000000800778c                HAL_TIM_IRQHandler
 .text.HAL_TIM_ConfigClockSource
                0x000000000800799c      0x18e ./Drivers/STM32F4xx_HAL_Driver/Src/stm32f4xx_hal_tim.o
                0x000000000800799c                HAL_TIM_ConfigClockSource
 .text.HAL_TIM_OC_DelayElapsedCallback
                0x0000000008007b2a       0x14 ./Drivers/STM32F4xx_HAL_Driver/Src/stm32f4xx_hal_tim.o
                0x0000000008007b2a                HAL_TIM_OC_DelayElapsedCallback
 .text.HAL_TIM_IC_CaptureCallback
                0x0000000008007b3e       0x14 ./Drivers/STM32F4xx_HAL_Driver/Src/stm32f4xx_hal_tim.o
                0x0000000008007b3e                HAL_TIM_IC_CaptureCallback
 .text.HAL_TIM_PWM_PulseFinishedCallback
                0x0000000008007b52       0x14 ./Drivers/STM32F4xx_HAL_Driver/Src/stm32f4xx_hal_tim.o
                0x0000000008007b52                HAL_TIM_PWM_PulseFinishedCallback
 .text.HAL_TIM_TriggerCallback
                0x0000000008007b66       0x14 ./Drivers/STM32F4xx_HAL_Driver/Src/stm32f4xx_hal_tim.o
                0x0000000008007b66                HAL_TIM_TriggerCallback
 *fill*         0x0000000008007b7a        0x2 
 .text.TIM_Base_SetConfig
                0x0000000008007b7c      0x140 ./Drivers/STM32F4xx_HAL_Driver/Src/stm32f4xx_hal_tim.o
                0x0000000008007b7c                TIM_Base_SetConfig
 .text.TIM_TI1_ConfigInputStage
                0x0000000008007cbc       0x5e ./Drivers/STM32F4xx_HAL_Driver/Src/stm32f4xx_hal_tim.o
 .text.TIM_TI2_ConfigInputStage
                0x0000000008007d1a       0x60 ./Drivers/STM32F4xx_HAL_Driver/Src/stm32f4xx_hal_tim.o
 .text.TIM_ITRx_SetConfig
                0x0000000008007d7a       0x36 ./Drivers/STM32F4xx_HAL_Driver/Src/stm32f4xx_hal_tim.o
 .text.TIM_ETR_SetConfig
                0x0000000008007db0       0x40 ./Drivers/STM32F4xx_HAL_Driver/Src/stm32f4xx_hal_tim.o
                0x0000000008007db0                TIM_ETR_SetConfig
 .text.TIM_CCxChannelCmd
                0x0000000008007df0       0x4a ./Drivers/STM32F4xx_HAL_Driver/Src/stm32f4xx_hal_tim.o
                0x0000000008007df0                TIM_CCxChannelCmd
 *fill*         0x0000000008007e3a        0x2 
 .text.HAL_TIMEx_MasterConfigSynchronization
                0x0000000008007e3c       0xf8 ./Drivers/STM32F4xx_HAL_Driver/Src/stm32f4xx_hal_tim_ex.o
                0x0000000008007e3c                HAL_TIMEx_MasterConfigSynchronization
 .text.HAL_TIMEx_CommutCallback
                0x0000000008007f34       0x14 ./Drivers/STM32F4xx_HAL_Driver/Src/stm32f4xx_hal_tim_ex.o
                0x0000000008007f34                HAL_TIMEx_CommutCallback
 .text.HAL_TIMEx_BreakCallback
                0x0000000008007f48       0x14 ./Drivers/STM32F4xx_HAL_Driver/Src/stm32f4xx_hal_tim_ex.o
                0x0000000008007f48                HAL_TIMEx_BreakCallback
 .text.HAL_UART_Init
                0x0000000008007f5c       0x9a ./Drivers/STM32F4xx_HAL_Driver/Src/stm32f4xx_hal_uart.o
                0x0000000008007f5c                HAL_UART_Init
 *fill*         0x0000000008007ff6        0x2 
 .text.UART_SetConfig
                0x0000000008007ff8      0x4e8 ./Drivers/STM32F4xx_HAL_Driver/Src/stm32f4xx_hal_uart.o
 .text.makeFreeRtosPriority
                0x00000000080084e0       0x30 ./Middlewares/Third_Party/FreeRTOS/Source/CMSIS_RTOS/cmsis_os.o
 .text.osKernelStart
                0x0000000008008510        0xe ./Middlewares/Third_Party/FreeRTOS/Source/CMSIS_RTOS/cmsis_os.o
                0x0000000008008510                osKernelStart
 .text.osThreadCreate
                0x000000000800851e       0x98 ./Middlewares/Third_Party/FreeRTOS/Source/CMSIS_RTOS/cmsis_os.o
                0x000000000800851e                osThreadCreate
 .text.osDelay  0x00000000080085b6       0x28 ./Middlewares/Third_Party/FreeRTOS/Source/CMSIS_RTOS/cmsis_os.o
                0x00000000080085b6                osDelay
 .text.vListInitialise
                0x00000000080085de       0x40 ./Middlewares/Third_Party/FreeRTOS/Source/list.o
                0x00000000080085de                vListInitialise
 .text.vListInitialiseItem
                0x000000000800861e       0x1a ./Middlewares/Third_Party/FreeRTOS/Source/list.o
                0x000000000800861e                vListInitialiseItem
 .text.vListInsertEnd
                0x0000000008008638       0x48 ./Middlewares/Third_Party/FreeRTOS/Source/list.o
                0x0000000008008638                vListInsertEnd
 .text.vListInsert
                0x0000000008008680       0x72 ./Middlewares/Third_Party/FreeRTOS/Source/list.o
                0x0000000008008680                vListInsert
 .text.uxListRemove
                0x00000000080086f2       0x54 ./Middlewares/Third_Party/FreeRTOS/Source/list.o
                0x00000000080086f2                uxListRemove
 .text.xTaskCreateStatic
                0x0000000008008746       0xba ./Middlewares/Third_Party/FreeRTOS/Source/tasks.o
                0x0000000008008746                xTaskCreateStatic
 .text.xTaskCreate
                0x0000000008008800       0x8a ./Middlewares/Third_Party/FreeRTOS/Source/tasks.o
                0x0000000008008800                xTaskCreate
 .text.prvInitialiseNewTask
                0x000000000800888a      0x10e ./Middlewares/Third_Party/FreeRTOS/Source/tasks.o
 .text.prvAddNewTaskToReadyList
                0x0000000008008998       0xd4 ./Middlewares/Third_Party/FreeRTOS/Source/tasks.o
 .text.vTaskDelay
                0x0000000008008a6c       0x68 ./Middlewares/Third_Party/FreeRTOS/Source/tasks.o
                0x0000000008008a6c                vTaskDelay
 .text.vTaskStartScheduler
                0x0000000008008ad4       0xc0 ./Middlewares/Third_Party/FreeRTOS/Source/tasks.o
                0x0000000008008ad4                vTaskStartScheduler
 .text.vTaskSuspendAll
                0x0000000008008b94       0x1c ./Middlewares/Third_Party/FreeRTOS/Source/tasks.o
                0x0000000008008b94                vTaskSuspendAll
 .text.xTaskResumeAll
                0x0000000008008bb0      0x138 ./Middlewares/Third_Party/FreeRTOS/Source/tasks.o
                0x0000000008008bb0                xTaskResumeAll
 .text.xTaskIncrementTick
                0x0000000008008ce8      0x170 ./Middlewares/Third_Party/FreeRTOS/Source/tasks.o
                0x0000000008008ce8                xTaskIncrementTick
 .text.vTaskSwitchContext
                0x0000000008008e58       0xb8 ./Middlewares/Third_Party/FreeRTOS/Source/tasks.o
                0x0000000008008e58                vTaskSwitchContext
 .text.prvIdleTask
                0x0000000008008f10       0x30 ./Middlewares/Third_Party/FreeRTOS/Source/tasks.o
 .text.prvInitialiseTaskLists
                0x0000000008008f40       0x80 ./Middlewares/Third_Party/FreeRTOS/Source/tasks.o
 .text.prvCheckTasksWaitingTermination
                0x0000000008008fc0       0x5c ./Middlewares/Third_Party/FreeRTOS/Source/tasks.o
 .text.prvDeleteTCB
                0x000000000800901c       0x5e ./Middlewares/Third_Party/FreeRTOS/Source/tasks.o
 *fill*         0x000000000800907a        0x2 
 .text.prvResetNextTaskUnblockTime
                0x000000000800907c       0x40 ./Middlewares/Third_Party/FreeRTOS/Source/tasks.o
 .text.prvAddCurrentTaskToDelayedList
                0x00000000080090bc       0xcc ./Middlewares/Third_Party/FreeRTOS/Source/tasks.o
 .text.pxPortInitialiseStack
                0x0000000008009188       0x68 ./Middlewares/Third_Party/FreeRTOS/Source/portable/GCC/ARM_CM4F/port.o
                0x0000000008009188                pxPortInitialiseStack
 .text.prvTaskExitError
                0x00000000080091f0       0x58 ./Middlewares/Third_Party/FreeRTOS/Source/portable/GCC/ARM_CM4F/port.o
 *fill*         0x0000000008009248        0x8 
 .text.SVC_Handler
                0x0000000008009250       0x28 ./Middlewares/Third_Party/FreeRTOS/Source/portable/GCC/ARM_CM4F/port.o
                0x0000000008009250                SVC_Handler
 .text.prvPortStartFirstTask
                0x0000000008009278       0x28 ./Middlewares/Third_Party/FreeRTOS/Source/portable/GCC/ARM_CM4F/port.o
 .text.xPortStartScheduler
                0x00000000080092a0      0x144 ./Middlewares/Third_Party/FreeRTOS/Source/portable/GCC/ARM_CM4F/port.o
                0x00000000080092a0                xPortStartScheduler
 .text.vPortEnterCritical
                0x00000000080093e4       0x60 ./Middlewares/Third_Party/FreeRTOS/Source/portable/GCC/ARM_CM4F/port.o
                0x00000000080093e4                vPortEnterCritical
 .text.vPortExitCritical
                0x0000000008009444       0x54 ./Middlewares/Third_Party/FreeRTOS/Source/portable/GCC/ARM_CM4F/port.o
                0x0000000008009444                vPortExitCritical
 *fill*         0x0000000008009498        0x8 
 .text.PendSV_Handler
                0x00000000080094a0       0x68 ./Middlewares/Third_Party/FreeRTOS/Source/portable/GCC/ARM_CM4F/port.o
                0x00000000080094a0                PendSV_Handler
 .text.SysTick_Handler
                0x0000000008009508       0x44 ./Middlewares/Third_Party/FreeRTOS/Source/portable/GCC/ARM_CM4F/port.o
                0x0000000008009508                SysTick_Handler
 .text.vPortSetupTimerInterrupt
                0x000000000800954c       0x48 ./Middlewares/Third_Party/FreeRTOS/Source/portable/GCC/ARM_CM4F/port.o
                0x000000000800954c                vPortSetupTimerInterrupt
 .text.vPortEnableVFP
                0x0000000008009594       0x14 ./Middlewares/Third_Party/FreeRTOS/Source/portable/GCC/ARM_CM4F/port.o
 .text.pvPortMalloc
                0x00000000080095a8      0x198 ./Middlewares/Third_Party/FreeRTOS/Source/portable/MemMang/heap_4.o
                0x00000000080095a8                pvPortMalloc
 .text.vPortFree
                0x0000000008009740       0xc4 ./Middlewares/Third_Party/FreeRTOS/Source/portable/MemMang/heap_4.o
                0x0000000008009740                vPortFree
 .text.prvHeapInit
                0x0000000008009804       0xc4 ./Middlewares/Third_Party/FreeRTOS/Source/portable/MemMang/heap_4.o
 .text.prvInsertBlockIntoFreeList
                0x00000000080098c8       0xb4 ./Middlewares/Third_Party/FreeRTOS/Source/portable/MemMang/heap_4.o
 .text.__errno  0x000000000800997c        0xc /opt/st/stm32cubeide_1.12.0/plugins/com.st.stm32cube.ide.mcu.externaltools.gnu-tools-for-stm32.10.3-2021.10.linux64_1.0.200.202301161003/tools/bin/../lib/gcc/arm-none-eabi/10.3.1/../../../../arm-none-eabi/lib/thumb/v7e-m+fp/hard/libc_nano.a(lib_a-errno.o)
                0x000000000800997c                __errno
 .text.__libc_init_array
                0x0000000008009988       0x48 /opt/st/stm32cubeide_1.12.0/plugins/com.st.stm32cube.ide.mcu.externaltools.gnu-tools-for-stm32.10.3-2021.10.linux64_1.0.200.202301161003/tools/bin/../lib/gcc/arm-none-eabi/10.3.1/../../../../arm-none-eabi/lib/thumb/v7e-m+fp/hard/libc_nano.a(lib_a-init.o)
                0x0000000008009988                __libc_init_array
 .text.memcpy   0x00000000080099d0       0x1c /opt/st/stm32cubeide_1.12.0/plugins/com.st.stm32cube.ide.mcu.externaltools.gnu-tools-for-stm32.10.3-2021.10.linux64_1.0.200.202301161003/tools/bin/../lib/gcc/arm-none-eabi/10.3.1/../../../../arm-none-eabi/lib/thumb/v7e-m+fp/hard/libc_nano.a(lib_a-memcpy-stub.o)
                0x00000000080099d0                memcpy
 .text.memset   0x00000000080099ec       0x10 /opt/st/stm32cubeide_1.12.0/plugins/com.st.stm32cube.ide.mcu.externaltools.gnu-tools-for-stm32.10.3-2021.10.linux64_1.0.200.202301161003/tools/bin/../lib/gcc/arm-none-eabi/10.3.1/../../../../arm-none-eabi/lib/thumb/v7e-m+fp/hard/libc_nano.a(lib_a-memset.o)
                0x00000000080099ec                memset
 .text.printf   0x00000000080099fc       0x30 /opt/st/stm32cubeide_1.12.0/plugins/com.st.stm32cube.ide.mcu.externaltools.gnu-tools-for-stm32.10.3-2021.10.linux64_1.0.200.202301161003/tools/bin/../lib/gcc/arm-none-eabi/10.3.1/../../../../arm-none-eabi/lib/thumb/v7e-m+fp/hard/libc_nano.a(lib_a-printf.o)
                0x00000000080099fc                printf
                0x00000000080099fc                iprintf
 .text._puts_r  0x0000000008009a2c       0xdc /opt/st/stm32cubeide_1.12.0/plugins/com.st.stm32cube.ide.mcu.externaltools.gnu-tools-for-stm32.10.3-2021.10.linux64_1.0.200.202301161003/tools/bin/../lib/gcc/arm-none-eabi/10.3.1/../../../../arm-none-eabi/lib/thumb/v7e-m+fp/hard/libc_nano.a(lib_a-puts.o)
                0x0000000008009a2c                _puts_r
 .text.puts     0x0000000008009b08       0x10 /opt/st/stm32cubeide_1.12.0/plugins/com.st.stm32cube.ide.mcu.externaltools.gnu-tools-for-stm32.10.3-2021.10.linux64_1.0.200.202301161003/tools/bin/../lib/gcc/arm-none-eabi/10.3.1/../../../../arm-none-eabi/lib/thumb/v7e-m+fp/hard/libc_nano.a(lib_a-puts.o)
                0x0000000008009b08                puts
 .text.__swbuf_r
                0x0000000008009b18       0xa4 /opt/st/stm32cubeide_1.12.0/plugins/com.st.stm32cube.ide.mcu.externaltools.gnu-tools-for-stm32.10.3-2021.10.linux64_1.0.200.202301161003/tools/bin/../lib/gcc/arm-none-eabi/10.3.1/../../../../arm-none-eabi/lib/thumb/v7e-m+fp/hard/libc_nano.a(lib_a-wbuf.o)
                0x0000000008009b18                __swbuf_r
 .text.__swsetup_r
                0x0000000008009bbc       0xdc /opt/st/stm32cubeide_1.12.0/plugins/com.st.stm32cube.ide.mcu.externaltools.gnu-tools-for-stm32.10.3-2021.10.linux64_1.0.200.202301161003/tools/bin/../lib/gcc/arm-none-eabi/10.3.1/../../../../arm-none-eabi/lib/thumb/v7e-m+fp/hard/libc_nano.a(lib_a-wsetup.o)
                0x0000000008009bbc                __swsetup_r
 .text.__sflush_r
                0x0000000008009c98      0x10c /opt/st/stm32cubeide_1.12.0/plugins/com.st.stm32cube.ide.mcu.externaltools.gnu-tools-for-stm32.10.3-2021.10.linux64_1.0.200.202301161003/tools/bin/../lib/gcc/arm-none-eabi/10.3.1/../../../../arm-none-eabi/lib/thumb/v7e-m+fp/hard/libc_nano.a(lib_a-fflush.o)
                0x0000000008009c98                __sflush_r
 .text._fflush_r
                0x0000000008009da4       0x78 /opt/st/stm32cubeide_1.12.0/plugins/com.st.stm32cube.ide.mcu.externaltools.gnu-tools-for-stm32.10.3-2021.10.linux64_1.0.200.202301161003/tools/bin/../lib/gcc/arm-none-eabi/10.3.1/../../../../arm-none-eabi/lib/thumb/v7e-m+fp/hard/libc_nano.a(lib_a-fflush.o)
                0x0000000008009da4                _fflush_r
 .text.std      0x0000000008009e1c       0x48 /opt/st/stm32cubeide_1.12.0/plugins/com.st.stm32cube.ide.mcu.externaltools.gnu-tools-for-stm32.10.3-2021.10.linux64_1.0.200.202301161003/tools/bin/../lib/gcc/arm-none-eabi/10.3.1/../../../../arm-none-eabi/lib/thumb/v7e-m+fp/hard/libc_nano.a(lib_a-findfp.o)
 .text._cleanup_r
                0x0000000008009e64        0xc /opt/st/stm32cubeide_1.12.0/plugins/com.st.stm32cube.ide.mcu.externaltools.gnu-tools-for-stm32.10.3-2021.10.linux64_1.0.200.202301161003/tools/bin/../lib/gcc/arm-none-eabi/10.3.1/../../../../arm-none-eabi/lib/thumb/v7e-m+fp/hard/libc_nano.a(lib_a-findfp.o)
                0x0000000008009e64                _cleanup_r
 .text.__sfmoreglue
                0x0000000008009e70       0x2c /opt/st/stm32cubeide_1.12.0/plugins/com.st.stm32cube.ide.mcu.externaltools.gnu-tools-for-stm32.10.3-2021.10.linux64_1.0.200.202301161003/tools/bin/../lib/gcc/arm-none-eabi/10.3.1/../../../../arm-none-eabi/lib/thumb/v7e-m+fp/hard/libc_nano.a(lib_a-findfp.o)
                0x0000000008009e70                __sfmoreglue
 .text.__sfp_lock_acquire
                0x0000000008009e9c        0xc /opt/st/stm32cubeide_1.12.0/plugins/com.st.stm32cube.ide.mcu.externaltools.gnu-tools-for-stm32.10.3-2021.10.linux64_1.0.200.202301161003/tools/bin/../lib/gcc/arm-none-eabi/10.3.1/../../../../arm-none-eabi/lib/thumb/v7e-m+fp/hard/libc_nano.a(lib_a-findfp.o)
                0x0000000008009e9c                __sfp_lock_acquire
 .text.__sfp_lock_release
                0x0000000008009ea8        0xc /opt/st/stm32cubeide_1.12.0/plugins/com.st.stm32cube.ide.mcu.externaltools.gnu-tools-for-stm32.10.3-2021.10.linux64_1.0.200.202301161003/tools/bin/../lib/gcc/arm-none-eabi/10.3.1/../../../../arm-none-eabi/lib/thumb/v7e-m+fp/hard/libc_nano.a(lib_a-findfp.o)
                0x0000000008009ea8                __sfp_lock_release
 .text.__sinit_lock_acquire
                0x0000000008009eb4        0xc /opt/st/stm32cubeide_1.12.0/plugins/com.st.stm32cube.ide.mcu.externaltools.gnu-tools-for-stm32.10.3-2021.10.linux64_1.0.200.202301161003/tools/bin/../lib/gcc/arm-none-eabi/10.3.1/../../../../arm-none-eabi/lib/thumb/v7e-m+fp/hard/libc_nano.a(lib_a-findfp.o)
                0x0000000008009eb4                __sinit_lock_acquire
 .text.__sinit_lock_release
                0x0000000008009ec0        0xc /opt/st/stm32cubeide_1.12.0/plugins/com.st.stm32cube.ide.mcu.externaltools.gnu-tools-for-stm32.10.3-2021.10.linux64_1.0.200.202301161003/tools/bin/../lib/gcc/arm-none-eabi/10.3.1/../../../../arm-none-eabi/lib/thumb/v7e-m+fp/hard/libc_nano.a(lib_a-findfp.o)
                0x0000000008009ec0                __sinit_lock_release
 .text.__sinit  0x0000000008009ecc       0x70 /opt/st/stm32cubeide_1.12.0/plugins/com.st.stm32cube.ide.mcu.externaltools.gnu-tools-for-stm32.10.3-2021.10.linux64_1.0.200.202301161003/tools/bin/../lib/gcc/arm-none-eabi/10.3.1/../../../../arm-none-eabi/lib/thumb/v7e-m+fp/hard/libc_nano.a(lib_a-findfp.o)
                0x0000000008009ecc                __sinit
 .text.__sfp    0x0000000008009f3c       0x8c /opt/st/stm32cubeide_1.12.0/plugins/com.st.stm32cube.ide.mcu.externaltools.gnu-tools-for-stm32.10.3-2021.10.linux64_1.0.200.202301161003/tools/bin/../lib/gcc/arm-none-eabi/10.3.1/../../../../arm-none-eabi/lib/thumb/v7e-m+fp/hard/libc_nano.a(lib_a-findfp.o)
                0x0000000008009f3c                __sfp
 .text._fwalk_reent
                0x0000000008009fc8       0x3e /opt/st/stm32cubeide_1.12.0/plugins/com.st.stm32cube.ide.mcu.externaltools.gnu-tools-for-stm32.10.3-2021.10.linux64_1.0.200.202301161003/tools/bin/../lib/gcc/arm-none-eabi/10.3.1/../../../../arm-none-eabi/lib/thumb/v7e-m+fp/hard/libc_nano.a(lib_a-fwalk.o)
                0x0000000008009fc8                _fwalk_reent
 .text.__retarget_lock_init_recursive
                0x000000000800a006        0x2 /opt/st/stm32cubeide_1.12.0/plugins/com.st.stm32cube.ide.mcu.externaltools.gnu-tools-for-stm32.10.3-2021.10.linux64_1.0.200.202301161003/tools/bin/../lib/gcc/arm-none-eabi/10.3.1/../../../../arm-none-eabi/lib/thumb/v7e-m+fp/hard/libc_nano.a(lib_a-lock.o)
                0x000000000800a006                __retarget_lock_init_recursive
 .text.__retarget_lock_acquire_recursive
                0x000000000800a008        0x2 /opt/st/stm32cubeide_1.12.0/plugins/com.st.stm32cube.ide.mcu.externaltools.gnu-tools-for-stm32.10.3-2021.10.linux64_1.0.200.202301161003/tools/bin/../lib/gcc/arm-none-eabi/10.3.1/../../../../arm-none-eabi/lib/thumb/v7e-m+fp/hard/libc_nano.a(lib_a-lock.o)
                0x000000000800a008                __retarget_lock_acquire_recursive
 .text.__retarget_lock_release_recursive
                0x000000000800a00a        0x2 /opt/st/stm32cubeide_1.12.0/plugins/com.st.stm32cube.ide.mcu.externaltools.gnu-tools-for-stm32.10.3-2021.10.linux64_1.0.200.202301161003/tools/bin/../lib/gcc/arm-none-eabi/10.3.1/../../../../arm-none-eabi/lib/thumb/v7e-m+fp/hard/libc_nano.a(lib_a-lock.o)
                0x000000000800a00a                __retarget_lock_release_recursive
 .text.__swhatbuf_r
                0x000000000800a00c       0x4a /opt/st/stm32cubeide_1.12.0/plugins/com.st.stm32cube.ide.mcu.externaltools.gnu-tools-for-stm32.10.3-2021.10.linux64_1.0.200.202301161003/tools/bin/../lib/gcc/arm-none-eabi/10.3.1/../../../../arm-none-eabi/lib/thumb/v7e-m+fp/hard/libc_nano.a(lib_a-makebuf.o)
                0x000000000800a00c                __swhatbuf_r
 *fill*         0x000000000800a056        0x2 
 .text.__smakebuf_r
                0x000000000800a058       0x80 /opt/st/stm32cubeide_1.12.0/plugins/com.st.stm32cube.ide.mcu.externaltools.gnu-tools-for-stm32.10.3-2021.10.linux64_1.0.200.202301161003/tools/bin/../lib/gcc/arm-none-eabi/10.3.1/../../../../arm-none-eabi/lib/thumb/v7e-m+fp/hard/libc_nano.a(lib_a-makebuf.o)
                0x000000000800a058                __smakebuf_r
 .text._free_r  0x000000000800a0d8       0x98 /opt/st/stm32cubeide_1.12.0/plugins/com.st.stm32cube.ide.mcu.externaltools.gnu-tools-for-stm32.10.3-2021.10.linux64_1.0.200.202301161003/tools/bin/../lib/gcc/arm-none-eabi/10.3.1/../../../../arm-none-eabi/lib/thumb/v7e-m+fp/hard/libc_nano.a(lib_a-nano-freer.o)
                0x000000000800a0d8                _free_r
 .text.sbrk_aligned
                0x000000000800a170       0x40 /opt/st/stm32cubeide_1.12.0/plugins/com.st.stm32cube.ide.mcu.externaltools.gnu-tools-for-stm32.10.3-2021.10.linux64_1.0.200.202301161003/tools/bin/../lib/gcc/arm-none-eabi/10.3.1/../../../../arm-none-eabi/lib/thumb/v7e-m+fp/hard/libc_nano.a(lib_a-nano-mallocr.o)
 .text._malloc_r
                0x000000000800a1b0       0xe8 /opt/st/stm32cubeide_1.12.0/plugins/com.st.stm32cube.ide.mcu.externaltools.gnu-tools-for-stm32.10.3-2021.10.linux64_1.0.200.202301161003/tools/bin/../lib/gcc/arm-none-eabi/10.3.1/../../../../arm-none-eabi/lib/thumb/v7e-m+fp/hard/libc_nano.a(lib_a-nano-mallocr.o)
                0x000000000800a1b0                _malloc_r
 .text.__sfputc_r
                0x000000000800a298       0x2e /opt/st/stm32cubeide_1.12.0/plugins/com.st.stm32cube.ide.mcu.externaltools.gnu-tools-for-stm32.10.3-2021.10.linux64_1.0.200.202301161003/tools/bin/../lib/gcc/arm-none-eabi/10.3.1/../../../../arm-none-eabi/lib/thumb/v7e-m+fp/hard/libc_nano.a(lib_a-nano-vfprintf.o)
 .text.__sfputs_r
                0x000000000800a2c6       0x24 /opt/st/stm32cubeide_1.12.0/plugins/com.st.stm32cube.ide.mcu.externaltools.gnu-tools-for-stm32.10.3-2021.10.linux64_1.0.200.202301161003/tools/bin/../lib/gcc/arm-none-eabi/10.3.1/../../../../arm-none-eabi/lib/thumb/v7e-m+fp/hard/libc_nano.a(lib_a-nano-vfprintf.o)
                0x000000000800a2c6                __sfputs_r
 *fill*         0x000000000800a2ea        0x2 
 .text._vfprintf_r
                0x000000000800a2ec      0x260 /opt/st/stm32cubeide_1.12.0/plugins/com.st.stm32cube.ide.mcu.externaltools.gnu-tools-for-stm32.10.3-2021.10.linux64_1.0.200.202301161003/tools/bin/../lib/gcc/arm-none-eabi/10.3.1/../../../../arm-none-eabi/lib/thumb/v7e-m+fp/hard/libc_nano.a(lib_a-nano-vfprintf.o)
                0x000000000800a2ec                _vfiprintf_r
                0x000000000800a2ec                _vfprintf_r
 .text._printf_common
                0x000000000800a54c       0xda /opt/st/stm32cubeide_1.12.0/plugins/com.st.stm32cube.ide.mcu.externaltools.gnu-tools-for-stm32.10.3-2021.10.linux64_1.0.200.202301161003/tools/bin/../lib/gcc/arm-none-eabi/10.3.1/../../../../arm-none-eabi/lib/thumb/v7e-m+fp/hard/libc_nano.a(lib_a-nano-vfprintf_i.o)
                0x000000000800a54c                _printf_common
 *fill*         0x000000000800a626        0x2 
 .text._printf_i
                0x000000000800a628      0x24c /opt/st/stm32cubeide_1.12.0/plugins/com.st.stm32cube.ide.mcu.externaltools.gnu-tools-for-stm32.10.3-2021.10.linux64_1.0.200.202301161003/tools/bin/../lib/gcc/arm-none-eabi/10.3.1/../../../../arm-none-eabi/lib/thumb/v7e-m+fp/hard/libc_nano.a(lib_a-nano-vfprintf_i.o)
                0x000000000800a628                _printf_i
 .text._sbrk_r  0x000000000800a874       0x20 /opt/st/stm32cubeide_1.12.0/plugins/com.st.stm32cube.ide.mcu.externaltools.gnu-tools-for-stm32.10.3-2021.10.linux64_1.0.200.202301161003/tools/bin/../lib/gcc/arm-none-eabi/10.3.1/../../../../arm-none-eabi/lib/thumb/v7e-m+fp/hard/libc_nano.a(lib_a-sbrkr.o)
                0x000000000800a874                _sbrk_r
 .text.__sread  0x000000000800a894       0x22 /opt/st/stm32cubeide_1.12.0/plugins/com.st.stm32cube.ide.mcu.externaltools.gnu-tools-for-stm32.10.3-2021.10.linux64_1.0.200.202301161003/tools/bin/../lib/gcc/arm-none-eabi/10.3.1/../../../../arm-none-eabi/lib/thumb/v7e-m+fp/hard/libc_nano.a(lib_a-stdio.o)
                0x000000000800a894                __sread
 .text.__swrite
                0x000000000800a8b6       0x38 /opt/st/stm32cubeide_1.12.0/plugins/com.st.stm32cube.ide.mcu.externaltools.gnu-tools-for-stm32.10.3-2021.10.linux64_1.0.200.202301161003/tools/bin/../lib/gcc/arm-none-eabi/10.3.1/../../../../arm-none-eabi/lib/thumb/v7e-m+fp/hard/libc_nano.a(lib_a-stdio.o)
                0x000000000800a8b6                __swrite
 .text.__sseek  0x000000000800a8ee       0x24 /opt/st/stm32cubeide_1.12.0/plugins/com.st.stm32cube.ide.mcu.externaltools.gnu-tools-for-stm32.10.3-2021.10.linux64_1.0.200.202301161003/tools/bin/../lib/gcc/arm-none-eabi/10.3.1/../../../../arm-none-eabi/lib/thumb/v7e-m+fp/hard/libc_nano.a(lib_a-stdio.o)
                0x000000000800a8ee                __sseek
 .text.__sclose
                0x000000000800a912        0x8 /opt/st/stm32cubeide_1.12.0/plugins/com.st.stm32cube.ide.mcu.externaltools.gnu-tools-for-stm32.10.3-2021.10.linux64_1.0.200.202301161003/tools/bin/../lib/gcc/arm-none-eabi/10.3.1/../../../../arm-none-eabi/lib/thumb/v7e-m+fp/hard/libc_nano.a(lib_a-stdio.o)
                0x000000000800a912                __sclose
 *fill*         0x000000000800a91a        0x2 
 .text._write_r
                0x000000000800a91c       0x24 /opt/st/stm32cubeide_1.12.0/plugins/com.st.stm32cube.ide.mcu.externaltools.gnu-tools-for-stm32.10.3-2021.10.linux64_1.0.200.202301161003/tools/bin/../lib/gcc/arm-none-eabi/10.3.1/../../../../arm-none-eabi/lib/thumb/v7e-m+fp/hard/libc_nano.a(lib_a-writer.o)
                0x000000000800a91c                _write_r
 .text._close_r
                0x000000000800a940       0x20 /opt/st/stm32cubeide_1.12.0/plugins/com.st.stm32cube.ide.mcu.externaltools.gnu-tools-for-stm32.10.3-2021.10.linux64_1.0.200.202301161003/tools/bin/../lib/gcc/arm-none-eabi/10.3.1/../../../../arm-none-eabi/lib/thumb/v7e-m+fp/hard/libc_nano.a(lib_a-closer.o)
                0x000000000800a940                _close_r
 .text._fstat_r
                0x000000000800a960       0x24 /opt/st/stm32cubeide_1.12.0/plugins/com.st.stm32cube.ide.mcu.externaltools.gnu-tools-for-stm32.10.3-2021.10.linux64_1.0.200.202301161003/tools/bin/../lib/gcc/arm-none-eabi/10.3.1/../../../../arm-none-eabi/lib/thumb/v7e-m+fp/hard/libc_nano.a(lib_a-fstatr.o)
                0x000000000800a960                _fstat_r
 .text._isatty_r
                0x000000000800a984       0x20 /opt/st/stm32cubeide_1.12.0/plugins/com.st.stm32cube.ide.mcu.externaltools.gnu-tools-for-stm32.10.3-2021.10.linux64_1.0.200.202301161003/tools/bin/../lib/gcc/arm-none-eabi/10.3.1/../../../../arm-none-eabi/lib/thumb/v7e-m+fp/hard/libc_nano.a(lib_a-isattyr.o)
                0x000000000800a984                _isatty_r
 .text._lseek_r
                0x000000000800a9a4       0x24 /opt/st/stm32cubeide_1.12.0/plugins/com.st.stm32cube.ide.mcu.externaltools.gnu-tools-for-stm32.10.3-2021.10.linux64_1.0.200.202301161003/tools/bin/../lib/gcc/arm-none-eabi/10.3.1/../../../../arm-none-eabi/lib/thumb/v7e-m+fp/hard/libc_nano.a(lib_a-lseekr.o)
                0x000000000800a9a4                _lseek_r
 .text.__malloc_lock
                0x000000000800a9c8        0xc /opt/st/stm32cubeide_1.12.0/plugins/com.st.stm32cube.ide.mcu.externaltools.gnu-tools-for-stm32.10.3-2021.10.linux64_1.0.200.202301161003/tools/bin/../lib/gcc/arm-none-eabi/10.3.1/../../../../arm-none-eabi/lib/thumb/v7e-m+fp/hard/libc_nano.a(lib_a-mlock.o)
                0x000000000800a9c8                __malloc_lock
 .text.__malloc_unlock
                0x000000000800a9d4        0xc /opt/st/stm32cubeide_1.12.0/plugins/com.st.stm32cube.ide.mcu.externaltools.gnu-tools-for-stm32.10.3-2021.10.linux64_1.0.200.202301161003/tools/bin/../lib/gcc/arm-none-eabi/10.3.1/../../../../arm-none-eabi/lib/thumb/v7e-m+fp/hard/libc_nano.a(lib_a-mlock.o)
                0x000000000800a9d4                __malloc_unlock
 .text._read_r  0x000000000800a9e0       0x24 /opt/st/stm32cubeide_1.12.0/plugins/com.st.stm32cube.ide.mcu.externaltools.gnu-tools-for-stm32.10.3-2021.10.linux64_1.0.200.202301161003/tools/bin/../lib/gcc/arm-none-eabi/10.3.1/../../../../arm-none-eabi/lib/thumb/v7e-m+fp/hard/libc_nano.a(lib_a-readr.o)
                0x000000000800a9e0                _read_r
 *fill*         0x000000000800aa04        0x4 
 .text.cos      0x000000000800aa08       0xa8 /opt/st/stm32cubeide_1.12.0/plugins/com.st.stm32cube.ide.mcu.externaltools.gnu-tools-for-stm32.10.3-2021.10.linux64_1.0.200.202301161003/tools/bin/../lib/gcc/arm-none-eabi/10.3.1/../../../../arm-none-eabi/lib/thumb/v7e-m+fp/hard/libm.a(lib_a-s_cos.o)
                0x000000000800aa08                cos
 .text.sin      0x000000000800aab0       0xb0 /opt/st/stm32cubeide_1.12.0/plugins/com.st.stm32cube.ide.mcu.externaltools.gnu-tools-for-stm32.10.3-2021.10.linux64_1.0.200.202301161003/tools/bin/../lib/gcc/arm-none-eabi/10.3.1/../../../../arm-none-eabi/lib/thumb/v7e-m+fp/hard/libm.a(lib_a-s_sin.o)
                0x000000000800aab0                sin
 .text.cosf     0x000000000800ab60       0x88 /opt/st/stm32cubeide_1.12.0/plugins/com.st.stm32cube.ide.mcu.externaltools.gnu-tools-for-stm32.10.3-2021.10.linux64_1.0.200.202301161003/tools/bin/../lib/gcc/arm-none-eabi/10.3.1/../../../../arm-none-eabi/lib/thumb/v7e-m+fp/hard/libm.a(lib_a-sf_cos.o)
                0x000000000800ab60                cosf
 .text.sinf     0x000000000800abe8       0x8c /opt/st/stm32cubeide_1.12.0/plugins/com.st.stm32cube.ide.mcu.externaltools.gnu-tools-for-stm32.10.3-2021.10.linux64_1.0.200.202301161003/tools/bin/../lib/gcc/arm-none-eabi/10.3.1/../../../../arm-none-eabi/lib/thumb/v7e-m+fp/hard/libm.a(lib_a-sf_sin.o)
                0x000000000800abe8                sinf
 .text.atan2    0x000000000800ac74        0x4 /opt/st/stm32cubeide_1.12.0/plugins/com.st.stm32cube.ide.mcu.externaltools.gnu-tools-for-stm32.10.3-2021.10.linux64_1.0.200.202301161003/tools/bin/../lib/gcc/arm-none-eabi/10.3.1/../../../../arm-none-eabi/lib/thumb/v7e-m+fp/hard/libm.a(lib_a-w_atan2.o)
                0x000000000800ac74                atan2
 .text.__ieee754_atan2
                0x000000000800ac78      0x194 /opt/st/stm32cubeide_1.12.0/plugins/com.st.stm32cube.ide.mcu.externaltools.gnu-tools-for-stm32.10.3-2021.10.linux64_1.0.200.202301161003/tools/bin/../lib/gcc/arm-none-eabi/10.3.1/../../../../arm-none-eabi/lib/thumb/v7e-m+fp/hard/libm.a(lib_a-e_atan2.o)
                0x000000000800ac78                __ieee754_atan2
 *fill*         0x000000000800ae0c        0x4 
 .text.__ieee754_rem_pio2
                0x000000000800ae10      0x418 /opt/st/stm32cubeide_1.12.0/plugins/com.st.stm32cube.ide.mcu.externaltools.gnu-tools-for-stm32.10.3-2021.10.linux64_1.0.200.202301161003/tools/bin/../lib/gcc/arm-none-eabi/10.3.1/../../../../arm-none-eabi/lib/thumb/v7e-m+fp/hard/libm.a(lib_a-e_rem_pio2.o)
                0x000000000800ae10                __ieee754_rem_pio2
 .text.__ieee754_rem_pio2f
                0x000000000800b228      0x278 /opt/st/stm32cubeide_1.12.0/plugins/com.st.stm32cube.ide.mcu.externaltools.gnu-tools-for-stm32.10.3-2021.10.linux64_1.0.200.202301161003/tools/bin/../lib/gcc/arm-none-eabi/10.3.1/../../../../arm-none-eabi/lib/thumb/v7e-m+fp/hard/libm.a(lib_a-ef_rem_pio2.o)
                0x000000000800b228                __ieee754_rem_pio2f
 .text.__kernel_cos
                0x000000000800b4a0      0x18c /opt/st/stm32cubeide_1.12.0/plugins/com.st.stm32cube.ide.mcu.externaltools.gnu-tools-for-stm32.10.3-2021.10.linux64_1.0.200.202301161003/tools/bin/../lib/gcc/arm-none-eabi/10.3.1/../../../../arm-none-eabi/lib/thumb/v7e-m+fp/hard/libm.a(lib_a-k_cos.o)
                0x000000000800b4a0                __kernel_cos
 *fill*         0x000000000800b62c        0x4 
 .text.__kernel_rem_pio2
                0x000000000800b630      0x69c /opt/st/stm32cubeide_1.12.0/plugins/com.st.stm32cube.ide.mcu.externaltools.gnu-tools-for-stm32.10.3-2021.10.linux64_1.0.200.202301161003/tools/bin/../lib/gcc/arm-none-eabi/10.3.1/../../../../arm-none-eabi/lib/thumb/v7e-m+fp/hard/libm.a(lib_a-k_rem_pio2.o)
                0x000000000800b630                __kernel_rem_pio2
 *fill*         0x000000000800bccc        0x4 
 .text.__kernel_sin
                0x000000000800bcd0      0x17c /opt/st/stm32cubeide_1.12.0/plugins/com.st.stm32cube.ide.mcu.externaltools.gnu-tools-for-stm32.10.3-2021.10.linux64_1.0.200.202301161003/tools/bin/../lib/gcc/arm-none-eabi/10.3.1/../../../../arm-none-eabi/lib/thumb/v7e-m+fp/hard/libm.a(lib_a-k_sin.o)
                0x000000000800bcd0                __kernel_sin
 .text.__kernel_cosf
                0x000000000800be4c       0xc0 /opt/st/stm32cubeide_1.12.0/plugins/com.st.stm32cube.ide.mcu.externaltools.gnu-tools-for-stm32.10.3-2021.10.linux64_1.0.200.202301161003/tools/bin/../lib/gcc/arm-none-eabi/10.3.1/../../../../arm-none-eabi/lib/thumb/v7e-m+fp/hard/libm.a(lib_a-kf_cos.o)
                0x000000000800be4c                __kernel_cosf
 .text.__kernel_rem_pio2f
                0x000000000800bf0c      0x4ec /opt/st/stm32cubeide_1.12.0/plugins/com.st.stm32cube.ide.mcu.externaltools.gnu-tools-for-stm32.10.3-2021.10.linux64_1.0.200.202301161003/tools/bin/../lib/gcc/arm-none-eabi/10.3.1/../../../../arm-none-eabi/lib/thumb/v7e-m+fp/hard/libm.a(lib_a-kf_rem_pio2.o)
                0x000000000800bf0c                __kernel_rem_pio2f
 .text.__kernel_sinf
                0x000000000800c3f8       0x90 /opt/st/stm32cubeide_1.12.0/plugins/com.st.stm32cube.ide.mcu.externaltools.gnu-tools-for-stm32.10.3-2021.10.linux64_1.0.200.202301161003/tools/bin/../lib/gcc/arm-none-eabi/10.3.1/../../../../arm-none-eabi/lib/thumb/v7e-m+fp/hard/libm.a(lib_a-kf_sin.o)
                0x000000000800c3f8                __kernel_sinf
 .text.atan     0x000000000800c488      0x340 /opt/st/stm32cubeide_1.12.0/plugins/com.st.stm32cube.ide.mcu.externaltools.gnu-tools-for-stm32.10.3-2021.10.linux64_1.0.200.202301161003/tools/bin/../lib/gcc/arm-none-eabi/10.3.1/../../../../arm-none-eabi/lib/thumb/v7e-m+fp/hard/libm.a(lib_a-s_atan.o)
                0x000000000800c488                atan
 .text.fabs     0x000000000800c7c8       0x12 /opt/st/stm32cubeide_1.12.0/plugins/com.st.stm32cube.ide.mcu.externaltools.gnu-tools-for-stm32.10.3-2021.10.linux64_1.0.200.202301161003/tools/bin/../lib/gcc/arm-none-eabi/10.3.1/../../../../arm-none-eabi/lib/thumb/v7e-m+fp/hard/libm.a(lib_a-s_fabs.o)
                0x000000000800c7c8                fabs
 *fill*         0x000000000800c7da        0x6 
 .text.floor    0x000000000800c7e0      0x100 /opt/st/stm32cubeide_1.12.0/plugins/com.st.stm32cube.ide.mcu.externaltools.gnu-tools-for-stm32.10.3-2021.10.linux64_1.0.200.202301161003/tools/bin/../lib/gcc/arm-none-eabi/10.3.1/../../../../arm-none-eabi/lib/thumb/v7e-m+fp/hard/libm.a(lib_a-s_floor.o)
                0x000000000800c7e0                floor
 .text.scalbn   0x000000000800c8e0      0x10c /opt/st/stm32cubeide_1.12.0/plugins/com.st.stm32cube.ide.mcu.externaltools.gnu-tools-for-stm32.10.3-2021.10.linux64_1.0.200.202301161003/tools/bin/../lib/gcc/arm-none-eabi/10.3.1/../../../../arm-none-eabi/lib/thumb/v7e-m+fp/hard/libm.a(lib_a-s_scalbn.o)
                0x000000000800c8e0                scalbn
 .text.fabsf    0x000000000800c9ec        0xe /opt/st/stm32cubeide_1.12.0/plugins/com.st.stm32cube.ide.mcu.externaltools.gnu-tools-for-stm32.10.3-2021.10.linux64_1.0.200.202301161003/tools/bin/../lib/gcc/arm-none-eabi/10.3.1/../../../../arm-none-eabi/lib/thumb/v7e-m+fp/hard/libm.a(lib_a-sf_fabs.o)
                0x000000000800c9ec                fabsf
 *fill*         0x000000000800c9fa        0x2 
 .text.floorf   0x000000000800c9fc       0x84 /opt/st/stm32cubeide_1.12.0/plugins/com.st.stm32cube.ide.mcu.externaltools.gnu-tools-for-stm32.10.3-2021.10.linux64_1.0.200.202301161003/tools/bin/../lib/gcc/arm-none-eabi/10.3.1/../../../../arm-none-eabi/lib/thumb/v7e-m+fp/hard/libm.a(lib_a-sf_floor.o)
                0x000000000800c9fc                floorf
 .text.scalbnf  0x000000000800ca80       0xe4 /opt/st/stm32cubeide_1.12.0/plugins/com.st.stm32cube.ide.mcu.externaltools.gnu-tools-for-stm32.10.3-2021.10.linux64_1.0.200.202301161003/tools/bin/../lib/gcc/arm-none-eabi/10.3.1/../../../../arm-none-eabi/lib/thumb/v7e-m+fp/hard/libm.a(lib_a-sf_scalbn.o)
                0x000000000800ca80                scalbnf
 *(.glue_7)
 .glue_7        0x000000000800cb64        0x0 linker stubs
 *(.glue_7t)
 .glue_7t       0x000000000800cb64        0x0 linker stubs
 *(.eh_frame)
 .eh_frame      0x000000000800cb64        0x0 /opt/st/stm32cubeide_1.12.0/plugins/com.st.stm32cube.ide.mcu.externaltools.gnu-tools-for-stm32.10.3-2021.10.linux64_1.0.200.202301161003/tools/bin/../lib/gcc/arm-none-eabi/10.3.1/thumb/v7e-m+fp/hard/crtbegin.o
 *(.init)
 .init          0x000000000800cb64        0x4 /opt/st/stm32cubeide_1.12.0/plugins/com.st.stm32cube.ide.mcu.externaltools.gnu-tools-for-stm32.10.3-2021.10.linux64_1.0.200.202301161003/tools/bin/../lib/gcc/arm-none-eabi/10.3.1/thumb/v7e-m+fp/hard/crti.o
                0x000000000800cb64                _init
 .init          0x000000000800cb68        0x8 /opt/st/stm32cubeide_1.12.0/plugins/com.st.stm32cube.ide.mcu.externaltools.gnu-tools-for-stm32.10.3-2021.10.linux64_1.0.200.202301161003/tools/bin/../lib/gcc/arm-none-eabi/10.3.1/thumb/v7e-m+fp/hard/crtn.o
 *(.fini)
 .fini          0x000000000800cb70        0x4 /opt/st/stm32cubeide_1.12.0/plugins/com.st.stm32cube.ide.mcu.externaltools.gnu-tools-for-stm32.10.3-2021.10.linux64_1.0.200.202301161003/tools/bin/../lib/gcc/arm-none-eabi/10.3.1/thumb/v7e-m+fp/hard/crti.o
                0x000000000800cb70                _fini
 .fini          0x000000000800cb74        0x8 /opt/st/stm32cubeide_1.12.0/plugins/com.st.stm32cube.ide.mcu.externaltools.gnu-tools-for-stm32.10.3-2021.10.linux64_1.0.200.202301161003/tools/bin/../lib/gcc/arm-none-eabi/10.3.1/thumb/v7e-m+fp/hard/crtn.o
                0x000000000800cb7c                . = ALIGN (0x4)
                0x000000000800cb7c                _etext = .

.vfp11_veneer   0x000000000800cb7c        0x0
 .vfp11_veneer  0x000000000800cb7c        0x0 linker stubs

.v4_bx          0x000000000800cb7c        0x0
 .v4_bx         0x000000000800cb7c        0x0 linker stubs

.iplt           0x000000000800cb7c        0x0
 .iplt          0x000000000800cb7c        0x0 /opt/st/stm32cubeide_1.12.0/plugins/com.st.stm32cube.ide.mcu.externaltools.gnu-tools-for-stm32.10.3-2021.10.linux64_1.0.200.202301161003/tools/bin/../lib/gcc/arm-none-eabi/10.3.1/thumb/v7e-m+fp/hard/crtbegin.o

.rodata         0x000000000800cb80      0x970
                0x000000000800cb80                . = ALIGN (0x4)
 *(.rodata)
 .rodata        0x000000000800cb80       0x3b ./Core/Src/bno055.o
 *fill*         0x000000000800cbbb        0x1 
 .rodata        0x000000000800cbbc      0x254 ./Core/Src/freertos.o
 .rodata        0x000000000800ce10        0x5 ./Middlewares/Third_Party/FreeRTOS/Source/tasks.o
 *(.rodata*)
 *fill*         0x000000000800ce15        0x3 
 .rodata.NRF24_ADDR_REGS
                0x000000000800ce18        0x7 ./Core/Src/nrf.o
 *fill*         0x000000000800ce1f        0x1 
 .rodata.RF24_RX_PW_PIPE
                0x000000000800ce20        0x6 ./Core/Src/nrf.o
 *fill*         0x000000000800ce26        0x2 
 .rodata.AHBPrescTable
                0x000000000800ce28       0x10 ./Core/Src/system_stm32f4xx.o
                0x000000000800ce28                AHBPrescTable
 .rodata.APBPrescTable
                0x000000000800ce38        0x8 ./Core/Src/system_stm32f4xx.o
                0x000000000800ce38                APBPrescTable
 .rodata._global_impure_ptr
                0x000000000800ce40        0x4 /opt/st/stm32cubeide_1.12.0/plugins/com.st.stm32cube.ide.mcu.externaltools.gnu-tools-for-stm32.10.3-2021.10.linux64_1.0.200.202301161003/tools/bin/../lib/gcc/arm-none-eabi/10.3.1/../../../../arm-none-eabi/lib/thumb/v7e-m+fp/hard/libc_nano.a(lib_a-impure.o)
                0x000000000800ce40                _global_impure_ptr
 .rodata.__sf_fake_stderr
                0x000000000800ce44       0x20 /opt/st/stm32cubeide_1.12.0/plugins/com.st.stm32cube.ide.mcu.externaltools.gnu-tools-for-stm32.10.3-2021.10.linux64_1.0.200.202301161003/tools/bin/../lib/gcc/arm-none-eabi/10.3.1/../../../../arm-none-eabi/lib/thumb/v7e-m+fp/hard/libc_nano.a(lib_a-findfp.o)
                0x000000000800ce44                __sf_fake_stderr
 .rodata.__sf_fake_stdin
                0x000000000800ce64       0x20 /opt/st/stm32cubeide_1.12.0/plugins/com.st.stm32cube.ide.mcu.externaltools.gnu-tools-for-stm32.10.3-2021.10.linux64_1.0.200.202301161003/tools/bin/../lib/gcc/arm-none-eabi/10.3.1/../../../../arm-none-eabi/lib/thumb/v7e-m+fp/hard/libc_nano.a(lib_a-findfp.o)
                0x000000000800ce64                __sf_fake_stdin
 .rodata.__sf_fake_stdout
                0x000000000800ce84       0x20 /opt/st/stm32cubeide_1.12.0/plugins/com.st.stm32cube.ide.mcu.externaltools.gnu-tools-for-stm32.10.3-2021.10.linux64_1.0.200.202301161003/tools/bin/../lib/gcc/arm-none-eabi/10.3.1/../../../../arm-none-eabi/lib/thumb/v7e-m+fp/hard/libc_nano.a(lib_a-findfp.o)
                0x000000000800ce84                __sf_fake_stdout
 .rodata._vfprintf_r.str1.1
                0x000000000800cea4       0x11 /opt/st/stm32cubeide_1.12.0/plugins/com.st.stm32cube.ide.mcu.externaltools.gnu-tools-for-stm32.10.3-2021.10.linux64_1.0.200.202301161003/tools/bin/../lib/gcc/arm-none-eabi/10.3.1/../../../../arm-none-eabi/lib/thumb/v7e-m+fp/hard/libc_nano.a(lib_a-nano-vfprintf.o)
 .rodata._printf_i.str1.1
                0x000000000800ceb5       0x22 /opt/st/stm32cubeide_1.12.0/plugins/com.st.stm32cube.ide.mcu.externaltools.gnu-tools-for-stm32.10.3-2021.10.linux64_1.0.200.202301161003/tools/bin/../lib/gcc/arm-none-eabi/10.3.1/../../../../arm-none-eabi/lib/thumb/v7e-m+fp/hard/libc_nano.a(lib_a-nano-vfprintf_i.o)
 *fill*         0x000000000800ced7        0x1 
 .rodata.CSWTCH.8
                0x000000000800ced8       0x18 /opt/st/stm32cubeide_1.12.0/plugins/com.st.stm32cube.ide.mcu.externaltools.gnu-tools-for-stm32.10.3-2021.10.linux64_1.0.200.202301161003/tools/bin/../lib/gcc/arm-none-eabi/10.3.1/../../../../arm-none-eabi/lib/thumb/v7e-m+fp/hard/libm.a(lib_a-e_atan2.o)
 .rodata.CSWTCH.9
                0x000000000800cef0       0x18 /opt/st/stm32cubeide_1.12.0/plugins/com.st.stm32cube.ide.mcu.externaltools.gnu-tools-for-stm32.10.3-2021.10.linux64_1.0.200.202301161003/tools/bin/../lib/gcc/arm-none-eabi/10.3.1/../../../../arm-none-eabi/lib/thumb/v7e-m+fp/hard/libm.a(lib_a-e_atan2.o)
 .rodata.npio2_hw
                0x000000000800cf08       0x80 /opt/st/stm32cubeide_1.12.0/plugins/com.st.stm32cube.ide.mcu.externaltools.gnu-tools-for-stm32.10.3-2021.10.linux64_1.0.200.202301161003/tools/bin/../lib/gcc/arm-none-eabi/10.3.1/../../../../arm-none-eabi/lib/thumb/v7e-m+fp/hard/libm.a(lib_a-e_rem_pio2.o)
 .rodata.two_over_pi
                0x000000000800cf88      0x108 /opt/st/stm32cubeide_1.12.0/plugins/com.st.stm32cube.ide.mcu.externaltools.gnu-tools-for-stm32.10.3-2021.10.linux64_1.0.200.202301161003/tools/bin/../lib/gcc/arm-none-eabi/10.3.1/../../../../arm-none-eabi/lib/thumb/v7e-m+fp/hard/libm.a(lib_a-e_rem_pio2.o)
 .rodata.npio2_hw
                0x000000000800d090       0x80 /opt/st/stm32cubeide_1.12.0/plugins/com.st.stm32cube.ide.mcu.externaltools.gnu-tools-for-stm32.10.3-2021.10.linux64_1.0.200.202301161003/tools/bin/../lib/gcc/arm-none-eabi/10.3.1/../../../../arm-none-eabi/lib/thumb/v7e-m+fp/hard/libm.a(lib_a-ef_rem_pio2.o)
 .rodata.two_over_pi
                0x000000000800d110      0x318 /opt/st/stm32cubeide_1.12.0/plugins/com.st.stm32cube.ide.mcu.externaltools.gnu-tools-for-stm32.10.3-2021.10.linux64_1.0.200.202301161003/tools/bin/../lib/gcc/arm-none-eabi/10.3.1/../../../../arm-none-eabi/lib/thumb/v7e-m+fp/hard/libm.a(lib_a-ef_rem_pio2.o)
 .rodata.PIo2   0x000000000800d428       0x40 /opt/st/stm32cubeide_1.12.0/plugins/com.st.stm32cube.ide.mcu.externaltools.gnu-tools-for-stm32.10.3-2021.10.linux64_1.0.200.202301161003/tools/bin/../lib/gcc/arm-none-eabi/10.3.1/../../../../arm-none-eabi/lib/thumb/v7e-m+fp/hard/libm.a(lib_a-k_rem_pio2.o)
 .rodata.init_jk
                0x000000000800d468       0x10 /opt/st/stm32cubeide_1.12.0/plugins/com.st.stm32cube.ide.mcu.externaltools.gnu-tools-for-stm32.10.3-2021.10.linux64_1.0.200.202301161003/tools/bin/../lib/gcc/arm-none-eabi/10.3.1/../../../../arm-none-eabi/lib/thumb/v7e-m+fp/hard/libm.a(lib_a-k_rem_pio2.o)
 .rodata.PIo2   0x000000000800d478       0x2c /opt/st/stm32cubeide_1.12.0/plugins/com.st.stm32cube.ide.mcu.externaltools.gnu-tools-for-stm32.10.3-2021.10.linux64_1.0.200.202301161003/tools/bin/../lib/gcc/arm-none-eabi/10.3.1/../../../../arm-none-eabi/lib/thumb/v7e-m+fp/hard/libm.a(lib_a-kf_rem_pio2.o)
 .rodata.init_jk
                0x000000000800d4a4        0xc /opt/st/stm32cubeide_1.12.0/plugins/com.st.stm32cube.ide.mcu.externaltools.gnu-tools-for-stm32.10.3-2021.10.linux64_1.0.200.202301161003/tools/bin/../lib/gcc/arm-none-eabi/10.3.1/../../../../arm-none-eabi/lib/thumb/v7e-m+fp/hard/libm.a(lib_a-kf_rem_pio2.o)
 .rodata.atanhi
                0x000000000800d4b0       0x20 /opt/st/stm32cubeide_1.12.0/plugins/com.st.stm32cube.ide.mcu.externaltools.gnu-tools-for-stm32.10.3-2021.10.linux64_1.0.200.202301161003/tools/bin/../lib/gcc/arm-none-eabi/10.3.1/../../../../arm-none-eabi/lib/thumb/v7e-m+fp/hard/libm.a(lib_a-s_atan.o)
 .rodata.atanlo
                0x000000000800d4d0       0x20 /opt/st/stm32cubeide_1.12.0/plugins/com.st.stm32cube.ide.mcu.externaltools.gnu-tools-for-stm32.10.3-2021.10.linux64_1.0.200.202301161003/tools/bin/../lib/gcc/arm-none-eabi/10.3.1/../../../../arm-none-eabi/lib/thumb/v7e-m+fp/hard/libm.a(lib_a-s_atan.o)
                0x000000000800d4f0                . = ALIGN (0x4)

.ARM.extab      0x000000000800d4f0        0x0
                0x000000000800d4f0                . = ALIGN (0x4)
 *(.ARM.extab* .gnu.linkonce.armextab.*)
                0x000000000800d4f0                . = ALIGN (0x4)

.ARM            0x000000000800d4f0        0x8
                0x000000000800d4f0                . = ALIGN (0x4)
                0x000000000800d4f0                __exidx_start = .
 *(.ARM.exidx*)
 .ARM.exidx     0x000000000800d4f0        0x8 /opt/st/stm32cubeide_1.12.0/plugins/com.st.stm32cube.ide.mcu.externaltools.gnu-tools-for-stm32.10.3-2021.10.linux64_1.0.200.202301161003/tools/bin/../lib/gcc/arm-none-eabi/10.3.1/thumb/v7e-m+fp/hard/libgcc.a(_udivmoddi4.o)
                0x000000000800d4f8                __exidx_end = .
                0x000000000800d4f8                . = ALIGN (0x4)

.rel.dyn        0x000000000800d4f8        0x0
 .rel.iplt      0x000000000800d4f8        0x0 /opt/st/stm32cubeide_1.12.0/plugins/com.st.stm32cube.ide.mcu.externaltools.gnu-tools-for-stm32.10.3-2021.10.linux64_1.0.200.202301161003/tools/bin/../lib/gcc/arm-none-eabi/10.3.1/thumb/v7e-m+fp/hard/crtbegin.o

.preinit_array  0x000000000800d4f8        0x0
                0x000000000800d4f8                . = ALIGN (0x4)
                0x000000000800d4f8                PROVIDE (__preinit_array_start = .)
 *(.preinit_array*)
                0x000000000800d4f8                PROVIDE (__preinit_array_end = .)
                0x000000000800d4f8                . = ALIGN (0x4)

.init_array     0x000000000800d4f8        0x4
                0x000000000800d4f8                . = ALIGN (0x4)
                0x000000000800d4f8                PROVIDE (__init_array_start = .)
 *(SORT_BY_NAME(.init_array.*))
 *(.init_array*)
 .init_array    0x000000000800d4f8        0x4 /opt/st/stm32cubeide_1.12.0/plugins/com.st.stm32cube.ide.mcu.externaltools.gnu-tools-for-stm32.10.3-2021.10.linux64_1.0.200.202301161003/tools/bin/../lib/gcc/arm-none-eabi/10.3.1/thumb/v7e-m+fp/hard/crtbegin.o
                0x000000000800d4fc                PROVIDE (__init_array_end = .)
                0x000000000800d4fc                . = ALIGN (0x4)

.fini_array     0x000000000800d4fc        0x4
                0x000000000800d4fc                . = ALIGN (0x4)
                [!provide]                        PROVIDE (__fini_array_start = .)
 *(SORT_BY_NAME(.fini_array.*))
 *(.fini_array*)
 .fini_array    0x000000000800d4fc        0x4 /opt/st/stm32cubeide_1.12.0/plugins/com.st.stm32cube.ide.mcu.externaltools.gnu-tools-for-stm32.10.3-2021.10.linux64_1.0.200.202301161003/tools/bin/../lib/gcc/arm-none-eabi/10.3.1/thumb/v7e-m+fp/hard/crtbegin.o
                [!provide]                        PROVIDE (__fini_array_end = .)
                0x000000000800d500                . = ALIGN (0x4)
                0x000000000800d500                _sidata = LOADADDR (.data)

.data           0x0000000020000000       0x8c load address 0x000000000800d500
                0x0000000020000000                . = ALIGN (0x4)
                0x0000000020000000                _sdata = .
 *(.data)
 *(.data*)
 .data.accelScale
                0x0000000020000000        0x2 ./Core/Src/bno055.o
                0x0000000020000000                accelScale
 .data.angularRateScale
                0x0000000020000002        0x2 ./Core/Src/bno055.o
                0x0000000020000002                angularRateScale
 .data.eulerScale
                0x0000000020000004        0x2 ./Core/Src/bno055.o
                0x0000000020000004                eulerScale
 .data.magScale
                0x0000000020000006        0x2 ./Core/Src/bno055.o
                0x0000000020000006                magScale
 .data.quaScale
                0x0000000020000008        0x2 ./Core/Src/bno055.o
                0x0000000020000008                quaScale